#-----------------------------------------------------------
# Vivado v2014.4 (64-bit)
# SW Build 1071353 on Tue Nov 18 18:29:27 MST 2014
# IP Build 1070531 on Tue Nov 18 01:10:18 MST 2014
# Start of session at: Fri Dec 11 06:21:54 2015
# Process ID: 5380
# Log file: C:/Users/rz252/Desktop/tjp79/ece5775-final-master/audio_lab/audio3/vivado.log
# Journal file: C:/Users/rz252/Desktop/tjp79/ece5775-final-master/audio_lab/audio3\vivado.jou
#-----------------------------------------------------------
start_gui
open_project C:/Users/rz252/Desktop/tjp79/ece5775-final-master/audio_lab/audio3/audio.xpr
launch_sdk -workspace C:/Users/rz252/Desktop/tjp79/ece5775-final-master/audio_lab/audio3/audio.sdk -hwspec C:/Users/rz252/Desktop/tjp79/ece5775-final-master/audio_lab/audio3/audio.sdk/system_wrapper.hdf
open_bd_design {C:/Users/rz252/Desktop/tjp79/ece5775-final-master/audio_lab/audio3/audio.srcs/sources_1/bd/system/system.bd}
synth_design -rtl -name rtl_1
remove_files -fileset constrs_1 C:/Users/rz252/Desktop/tjp79/ece5775-final-master/combined/voicerec.prj/solution1/impl/ip/constraints/voicerec_ooc.xdc
set_property target_constrs_file C:/Users/rz252/Desktop/tjp79/ece5775-final-master/audio_lab/audio3/audio.srcs/constrs_1/imports/audio_lab/zed_audio_constraints.xdc [current_fileset -constrset]
set_property range 1M [get_bd_addr_segs {voicerec_0/Data_m_axi_voicerec_inSound/SEG_axi_bram_ctrl_0_Mem0}]
set_property range 1M [get_bd_addr_segs {processing_system7_0/Data/SEG_axi_bram_ctrl_0_Mem0}]
undo
undo
undo
redo
undo
redo
undo
redo
set_property range 1M [get_bd_addr_segs {processing_system7_0/Data/SEG_axi_bram_ctrl_0_Mem0}]
set_property range 1M [get_bd_addr_segs {voicerec_0/Data_m_axi_voicerec_inSound/SEG_axi_bram_ctrl_0_Mem0}]
save_bd_design
generate_target all [get_files  C:/Users/rz252/Desktop/tjp79/ece5775-final-master/audio_lab/audio3/audio.srcs/sources_1/bd/system/system.bd]
set_property location {2 718 524} [get_bd_cells processing_system7_0_axi_periph]
undo
validate_bd_design
startgroup
set_property -dict [list CONFIG.ENABLE_ADVANCED_OPTIONS {0}] [get_bd_cells processing_system7_0_axi_periph]
endgroup
delete_bd_objs [get_bd_addr_segs -excluded voicerec_0/Data_m_axi_voicerec_inSound/SEG_voicerec_0_Reg]
delete_bd_objs [get_bd_addr_segs -excluded voicerec_0/Data_m_axi_voicerec_inSound/SEG_zed_audio_ctrl_0_reg0]
delete_bd_objs [get_bd_addr_segs -excluded voicerec_0/Data_m_axi_voicerec_inSound/SEG_axi_gpio_0_Reg]
validate_bd_design
make_wrapper -files [get_files C:/Users/rz252/Desktop/tjp79/ece5775-final-master/audio_lab/audio3/audio.srcs/sources_1/bd/system/system.bd] -top
save_bd_design
reset_run synth_1
launch_runs impl_1 -to_step write_bitstream
wait_on_run impl_1
synth_design -rtl -name rtl_1
set_property range 8K [get_bd_addr_segs {processing_system7_0/Data/SEG_axi_bram_ctrl_0_Mem0}]
set_property range 128K [get_bd_addr_segs {processing_system7_0/Data/SEG_axi_bram_ctrl_0_Mem0}]
set_property range 128K [get_bd_addr_segs {voicerec_0/Data_m_axi_voicerec_inSound/SEG_axi_bram_ctrl_0_Mem0}]
set_property range 256K [get_bd_addr_segs {voicerec_0/Data_m_axi_voicerec_inSound/SEG_axi_bram_ctrl_0_Mem0}]
set_property range 256K [get_bd_addr_segs {processing_system7_0/Data/SEG_axi_bram_ctrl_0_Mem0}]
validate_bd_design
make_wrapper -files [get_files C:/Users/rz252/Desktop/tjp79/ece5775-final-master/audio_lab/audio3/audio.srcs/sources_1/bd/system/system.bd] -top
reset_run synth_1
launch_runs impl_1 -to_step write_bitstream
wait_on_run impl_1
file copy -force C:/Users/rz252/Desktop/tjp79/ece5775-final-master/audio_lab/audio3/audio.runs/impl_1/system_wrapper.sysdef C:/Users/rz252/Desktop/tjp79/ece5775-final-master/audio_lab/audio3/audio.sdk/system_wrapper.hdf

