#-----------------------------------------------------------
# Vivado v2014.4 (64-bit)
# SW Build 1071353 on Tue Nov 18 18:29:27 MST 2014
# IP Build 1070531 on Tue Nov 18 01:10:18 MST 2014
# Start of session at: Fri Dec 11 16:43:58 2015
# Process ID: 2572
# Log file: C:/Users/rz252/Desktop/tjp79/ece5775-final-master/audio_lab/audio3/vivado.log
# Journal file: C:/Users/rz252/Desktop/tjp79/ece5775-final-master/audio_lab/audio3\vivado.jou
#-----------------------------------------------------------
start_gui
open_project C:/Users/rz252/Desktop/tjp79/ece5775-final-master/audio_lab/audio3/audio.xpr
open_bd_design {C:/Users/rz252/Desktop/tjp79/ece5775-final-master/audio_lab/audio3/audio.srcs/sources_1/bd/system/system.bd}
launch_sdk -workspace C:/Users/rz252/Desktop/tjp79/ece5775-final-master/audio_lab/audio3/audio.sdk -hwspec C:/Users/rz252/Desktop/tjp79/ece5775-final-master/audio_lab/audio3/audio.sdk/system_wrapper.hdf
set_property location {3 1199 660} [get_bd_cells axi_bram_ctrl_0_bram]
set_property location {3.5 1274 637} [get_bd_cells axi_bram_ctrl_0_bram]
set_property location {3.5 1338 638} [get_bd_cells axi_bram_ctrl_0_bram]
undo
undo
undo
