#-----------------------------------------------------------
# Vivado v2014.4 (64-bit)
# SW Build 1071353 on Tue Nov 18 18:29:27 MST 2014
# IP Build 1070531 on Tue Nov 18 01:10:18 MST 2014
# Start of session at: Fri Dec 11 00:47:12 2015
# Process ID: 4660
# Log file: C:/Users/rz252/Desktop/tjp79/ece5775-final-master/audio_lab/audio3/vivado.log
# Journal file: C:/Users/rz252/Desktop/tjp79/ece5775-final-master/audio_lab/audio3\vivado.jou
#-----------------------------------------------------------
start_gui
open_project C:/Users/rz252/Desktop/tjp79/ece5775-final-master/audio_lab/audio3/audio.xpr
launch_sdk -workspace C:/Users/rz252/Desktop/tjp79/ece5775-final-master/audio_lab/audio3/audio.sdk -hwspec C:/Users/rz252/Desktop/tjp79/ece5775-final-master/audio_lab/audio3/audio.sdk/system_wrapper.hdf
launch_sdk -workspace C:/Users/rz252/Desktop/tjp79/ece5775-final-master/audio_lab/audio3/audio.sdk -hwspec C:/Users/rz252/Desktop/tjp79/ece5775-final-master/audio_lab/audio3/audio.sdk/system_wrapper.hdf
file copy -force C:/Users/rz252/Desktop/tjp79/ece5775-final-master/audio_lab/audio3/audio.runs/impl_1/system_wrapper.sysdef C:/Users/rz252/Desktop/tjp79/ece5775-final-master/audio_lab/audio3/audio.sdk/system_wrapper.hdf

launch_sdk -workspace C:/Users/rz252/Desktop/tjp79/ece5775-final-master/audio_lab/audio3/audio.sdk -hwspec C:/Users/rz252/Desktop/tjp79/ece5775-final-master/audio_lab/audio3/audio.sdk/system_wrapper.hdf
file copy -force C:/Users/rz252/Desktop/tjp79/ece5775-final-master/audio_lab/audio3/audio.runs/impl_1/system_wrapper.sysdef C:/Users/rz252/Desktop/tjp79/ece5775-final-master/audio_lab/audio3/audio.sdk/system_wrapper.hdf

launch_sdk -workspace C:/Users/rz252/Desktop/tjp79/ece5775-final-master/audio_lab/audio3/audio.sdk -hwspec C:/Users/rz252/Desktop/tjp79/ece5775-final-master/audio_lab/audio3/audio.sdk/system_wrapper.hdf
open_bd_design {C:/Users/rz252/Desktop/tjp79/ece5775-final-master/audio_lab/audio3/audio.srcs/sources_1/bd/system/system.bd}
add_files -fileset constrs_1 -norecurse {C:/Users/rz252/Desktop/tjp79/ece5775-final-master/audio_lab/zed_audio_constraints.xdc C:/Users/rz252/Desktop/tjp79/ece5775-final-master/combined/voicerec.prj/solution1/impl/ip/constraints/voicerec_ooc.xdc}
remove_files -fileset constrs_1 C:/Users/rz252/Desktop/tjp79/ece5775-final-master/audio_lab/zed_audio_constraints.xdc
set_property target_constrs_file C:/Users/rz252/Desktop/tjp79/ece5775-final-master/audio_lab/audio3/audio.srcs/constrs_1/imports/audio_lab/zed_audio_constraints.xdc [current_fileset -constrset]
set_property target_constrs_file C:/Users/rz252/Desktop/tjp79/ece5775-final-master/combined/voicerec.prj/solution1/impl/ip/constraints/voicerec_ooc.xdc [current_fileset -constrset]
set_property target_constrs_file C:/Users/rz252/Desktop/tjp79/ece5775-final-master/audio_lab/audio3/audio.srcs/constrs_1/imports/audio_lab/zed_audio_constraints.xdc [current_fileset -constrset]
undo
undo
undo
launch_sdk -workspace C:/Users/rz252/Desktop/tjp79/ece5775-final-master/audio_lab/audio3/audio.sdk -hwspec C:/Users/rz252/Desktop/tjp79/ece5775-final-master/audio_lab/audio3/audio.sdk/system_wrapper.hdf
reset_run synth_1
launch_runs impl_1 -to_step write_bitstream
wait_on_run impl_1
reset_run impl_1
open_bd_design {C:/Users/rz252/Desktop/tjp79/ece5775-final-master/audio_lab/audio3/audio.srcs/sources_1/bd/system/system.bd}
