

================================================================
== Vivado HLS Report for 'voicerec_processChunk'
================================================================
* Date:           Sun Dec  6 14:07:50 2015

* Version:        2015.2 (Build 1266856 on Fri Jun 26 16:57:37 PM 2015)
* Project:        voicerec.prj
* Solution:       solution1
* Product family: zynq
* Target device:  xc7z020clg484-1


================================================================
== Performance Estimates
================================================================
+ Timing (ns): 
    * Summary: 
    +--------+-------+----------+------------+
    |  Clock | Target| Estimated| Uncertainty|
    +--------+-------+----------+------------+
    |ap_clk  |  10.00|      8.95|        1.25|
    +--------+-------+----------+------------+

+ Latency (clock cycles): 
    * Summary: 
    +-----+-----+-----+-----+---------+
    |  Latency  |  Interval | Pipeline|
    | min | max | min | max |   Type  |
    +-----+-----+-----+-----+---------+
    |    ?|    ?|    ?|    ?|   none  |
    +-----+-----+-----+-----+---------+

    + Detail: 
        * Instance: 
        +-------------------------+--------------+-----+-----+-----+-----+---------+
        |                         |              |  Latency  |  Interval | Pipeline|
        |         Instance        |    Module    | min | max | min | max |   Type  |
        +-------------------------+--------------+-----+-----+-----+-----+---------+
        |grp_voicerec_FFT_fu_421  |voicerec_FFT  |    ?|    ?|    ?|    ?|   none  |
        +-------------------------+--------------+-----+-----+-----+-----+---------+

        * Loop: 
        +-------------+------+------+----------+-----------+-----------+------+----------+
        |             |   Latency   | Iteration|  Initiation Interval  | Trip |          |
        |  Loop Name  |  min |  max |  Latency |  achieved |   target  | Count| Pipelined|
        +-------------+------+------+----------+-----------+-----------+------+----------+
        |- Loop 1     |     ?|     ?|         2|          -|          -|     ?|    no    |
        |- Loop 2     |     ?|     ?|        20|          -|          -|     ?|    no    |
        |- Loop 3     |    26|    26|         1|          -|          -|    26|    no    |
        |- Loop 4     |     ?|     ?|  5 ~ 18  |          -|          -|     ?|    no    |
        |- Loop 5     |   130|   936|  5 ~ 36  |          -|          -|    26|    no    |
        |- Loop 6     |  7028|  7028|       502|          -|          -|    14|    no    |
        | + Loop 6.1  |   494|   494|        19|          -|          -|    26|    no    |
        +-------------+------+------+----------+-----------+-----------+------+----------+



================================================================
== Utilization Estimates
================================================================
* Summary: 
+-----------------+---------+-------+--------+-------+
|       Name      | BRAM_18K| DSP48E|   FF   |  LUT  |
+-----------------+---------+-------+--------+-------+
|Expression       |        -|      -|       0|    551|
|FIFO             |        -|      -|       -|      -|
|Instance         |        4|     80|    7220|  12459|
|Memory           |       12|      -|       8|      4|
|Multiplexer      |        -|      -|       -|   1135|
|Register         |        -|      -|    1549|      -|
+-----------------+---------+-------+--------+-------+
|Total            |       16|     80|    8777|  14149|
+-----------------+---------+-------+--------+-------+
|Available        |      280|    220|  106400|  53200|
+-----------------+---------+-------+--------+-------+
|Utilization (%)  |        5|     36|       8|     26|
+-----------------+---------+-------+--------+-------+

+ Detail: 
    * Instance: 
    +-----------------------------------------------+-------------------------------------------+---------+-------+------+------+
    |                    Instance                   |                   Module                  | BRAM_18K| DSP48E|  FF  |  LUT |
    +-----------------------------------------------+-------------------------------------------+---------+-------+------+------+
    |grp_voicerec_FFT_fu_421                        |voicerec_FFT                               |        4|     50|  4334|  7011|
    |voicerec_dadd_64ns_64ns_64_5_full_dsp_U21      |voicerec_dadd_64ns_64ns_64_5_full_dsp      |        0|      3|   445|  1149|
    |voicerec_dcmp_64ns_64ns_1_1_U24                |voicerec_dcmp_64ns_64ns_1_1                |        0|      0|   130|   469|
    |voicerec_dmul_64ns_64ns_64_6_max_dsp_U22       |voicerec_dmul_64ns_64ns_64_6_max_dsp       |        0|     11|   317|   578|
    |voicerec_dmul_64ns_64ns_64_6_max_dsp_U23       |voicerec_dmul_64ns_64ns_64_6_max_dsp       |        0|     11|   317|   578|
    |voicerec_faddfsub_32ns_32ns_32_5_full_dsp_U15  |voicerec_faddfsub_32ns_32ns_32_5_full_dsp  |        0|      2|   205|   390|
    |voicerec_fdiv_32ns_32ns_32_16_U17              |voicerec_fdiv_32ns_32ns_32_16              |        0|      0|   761|   994|
    |voicerec_fmul_32ns_32ns_32_4_max_dsp_U16       |voicerec_fmul_32ns_32ns_32_4_max_dsp       |        0|      3|   143|   321|
    |voicerec_fpext_32ns_64_1_U20                   |voicerec_fpext_32ns_64_1                   |        0|      0|   100|   138|
    |voicerec_fptrunc_64ns_32_1_U19                 |voicerec_fptrunc_64ns_32_1                 |        0|      0|   128|   277|
    |voicerec_sitofp_64ns_32_6_U18                  |voicerec_sitofp_64ns_32_6                  |        0|      0|   340|   554|
    +-----------------------------------------------+-------------------------------------------+---------+-------+------+------+
    |Total                                          |                                           |        4|     80|  7220| 12459|
    +-----------------------------------------------+-------------------------------------------+---------+-------+------+------+

    * Memory: 
    +-------------+---------------------------------+---------+---+----+------+-----+------+-------------+
    |    Memory   |              Module             | BRAM_18K| FF| LUT| Words| Bits| Banks| W*Bits*Banks|
    +-------------+---------------------------------+---------+---+----+------+-----+------+-------------+
    |c_U          |voicerec_processChunk_c          |        4|  0|   0|   512|   64|     1|        32768|
    |d_U          |voicerec_processChunk_d          |        2|  0|   0|   256|   64|     1|        16384|
    |dctMatrix_U  |voicerec_processChunk_dctMatrix  |        4|  0|   0|   676|   64|     1|        43264|
    |e_U          |voicerec_processChunk_e          |        2|  0|   0|    26|   64|     1|         1664|
    |mell_U       |voicerec_processChunk_mell       |        0|  8|   4|    27|    8|     1|          216|
    +-------------+---------------------------------+---------+---+----+------+-----+------+-------------+
    |Total        |                                 |       12|  8|   4|  1497|  264|     5|        94296|
    +-------------+---------------------------------+---------+---+----+------+-----+------+-------------+

    * FIFO: 
    N/A

    * Expression: 
    +---------------------------+----------+-------+---+----+------------+------------+
    |       Variable Name       | Operation| DSP48E| FF| LUT| Bitwidth P0| Bitwidth P1|
    +---------------------------+----------+-------+---+----+------------+------------+
    |dctMatrix_addr4_fu_887_p2  |     +    |      0|  0|   9|           9|           9|
    |grp_fu_480_p2              |     +    |      0|  0|  32|          32|           1|
    |i_5_fu_542_p2              |     +    |      0|  0|  31|          31|           1|
    |i_6_fu_591_p2              |     +    |      0|  0|  31|          31|           1|
    |i_7_fu_632_p2              |     +    |      0|  0|   5|           5|           1|
    |i_8_fu_733_p2              |     +    |      0|  0|   5|           5|           1|
    |i_9_fu_652_p2              |     +    |      0|  0|  31|          31|           1|
    |k_fu_842_p2                |     +    |      0|  0|   4|           4|           1|
    |n_fu_872_p2                |     +    |      0|  0|   5|           5|           1|
    |next_mul_fu_830_p2         |     +    |      0|  0|   9|           9|           5|
    |p_addr1_fu_893_p2          |     +    |      0|  0|  32|          32|          32|
    |tmp_s_fu_548_p2            |     +    |      0|  0|  32|          32|          32|
    |p_addr_fu_754_p2           |     -    |      0|  0|  32|          32|          32|
    |p_mellIdx_fu_720_p3        |  Select  |      0|  0|  32|           1|          32|
    |s_fu_854_p3                |  Select  |      0|  0|  62|           1|          62|
    |tmp_48_fu_796_p2           |    and   |      0|  0|   1|           1|           1|
    |exitcond1_fu_626_p2        |   icmp   |      0|  0|   2|           5|           4|
    |exitcond3_i_fu_836_p2      |   icmp   |      0|  0|   2|           4|           3|
    |exitcond_fu_727_p2         |   icmp   |      0|  0|   2|           5|           4|
    |exitcond_i_fu_866_p2       |   icmp   |      0|  0|   2|           5|           4|
    |notlhs_fu_778_p2           |   icmp   |      0|  0|   4|          11|           2|
    |notrhs_fu_784_p2           |   icmp   |      0|  0|  18|          52|           1|
    |tmp_64_fu_586_p2           |   icmp   |      0|  0|  11|          32|          32|
    |tmp_74_fu_647_p2           |   icmp   |      0|  0|  11|          32|          32|
    |tmp_77_fu_671_p2           |   icmp   |      0|  0|  11|          32|          32|
    |tmp_80_fu_681_p2           |   icmp   |      0|  0|  11|          31|          31|
    |tmp_84_fu_695_p2           |   icmp   |      0|  0|  11|          31|          31|
    |tmp_89_fu_715_p2           |   icmp   |      0|  0|  11|          32|          32|
    |tmp_fu_537_p2              |   icmp   |      0|  0|  11|          32|          32|
    |tmp_i1_fu_848_p2           |   icmp   |      0|  0|   2|           4|           1|
    |tmp_46_fu_790_p2           |    or    |      0|  0|   1|           1|           1|
    |tmp_62_fu_571_p2           |    or    |      0|  0|  44|          32|           1|
    |tmp_68_fu_610_p2           |    or    |      0|  0|  44|          32|           1|
    +---------------------------+----------+-------+---+----+------------+------------+
    |Total                      |          |      0|  0| 551|         634|         457|
    +---------------------------+----------+-------+---+----+------------+------------+

    * Multiplexer: 
    +--------------------+-----+-----------+-----+-----------+
    |        Name        | LUT | Input Size| Bits| Total Bits|
    +--------------------+-----+-----------+-----+-----------+
    |ap_NS_fsm           |  231|        106|    1|        106|
    |c_address0          |    9|          4|    9|         36|
    |c_address1          |    9|          4|    9|         36|
    |c_ce0               |    1|          3|    1|          3|
    |c_ce1               |    1|          3|    1|          3|
    |c_d0                |   64|          3|   64|        192|
    |c_d1                |   64|          3|   64|        192|
    |c_we0               |    1|          3|    1|          3|
    |c_we1               |    1|          3|    1|          3|
    |d_address0          |    8|          4|    8|         32|
    |e_address0          |   10|          8|    5|         40|
    |e_d0                |   64|          5|   64|        320|
    |grp_fu_432_opcode   |    2|          3|    2|          6|
    |grp_fu_432_p0       |   32|          4|   32|        128|
    |grp_fu_432_p1       |   32|          5|   32|        160|
    |grp_fu_438_p0       |   32|          4|   32|        128|
    |grp_fu_438_p1       |   32|          4|   32|        128|
    |grp_fu_459_p0       |   64|          4|   64|        256|
    |grp_fu_459_p1       |   64|          4|   64|        256|
    |grp_fu_464_p0       |   64|          6|   64|        384|
    |grp_fu_464_p1       |   64|          6|   64|        384|
    |i_1_reg_305         |   31|          2|   31|         62|
    |i_2_reg_317         |    5|          2|    5|         10|
    |i_3_reg_328         |   31|          2|   31|         62|
    |i_4_reg_352         |    5|          2|    5|         10|
    |i_reg_293           |   31|          2|   31|         62|
    |k_i_reg_375         |    4|          2|    4|          8|
    |mellIdx_reg_340     |   32|          2|   32|         64|
    |mell_address0       |    5|          4|    5|         20|
    |n_i_reg_410         |    5|          2|    5|         10|
    |phi_mul_reg_386     |    9|          2|    9|         18|
    |storemerge_reg_363  |   64|          2|   64|        128|
    |sum_i_reg_398       |   64|          2|   64|        128|
    +--------------------+-----+-----------+-----+-----------+
    |Total               | 1135|        215|  900|       3378|
    +--------------------+-----+-----------+-----+-----------+

    * Register: 
    +-----------------------------------------------+-----+----+-----+-----------+
    |                      Name                     |  FF | LUT| Bits| Const Bits|
    +-----------------------------------------------+-----+----+-----+-----------+
    |ap_CS_fsm                                      |  105|   0|  105|          0|
    |c_load_6_reg_961                               |   64|   0|   64|          0|
    |c_load_reg_955                                 |   64|   0|   64|          0|
    |dctMatrix_addr4_reg_1154                       |    9|   0|    9|          0|
    |dctMatrix_load_reg_1169                        |   64|   0|   64|          0|
    |e_addr_1_reg_1069                              |    5|   0|    5|          0|
    |e_addr_2_reg_1036                              |    5|   0|    5|          0|
    |grp_voicerec_FFT_fu_421_ap_start_ap_start_reg  |    1|   0|    1|          0|
    |i_1_reg_305                                    |   31|   0|   31|          0|
    |i_2_reg_317                                    |    5|   0|    5|          0|
    |i_3_cast_reg_980                               |   31|   0|   32|          1|
    |i_3_reg_328                                    |   31|   0|   31|          0|
    |i_4_reg_352                                    |    5|   0|    5|          0|
    |i_5_reg_927                                    |   31|   0|   31|          0|
    |i_6_reg_940                                    |   31|   0|   31|          0|
    |i_8_reg_1064                                   |    5|   0|    5|          0|
    |i_9_reg_989                                    |   31|   0|   31|          0|
    |i_reg_293                                      |   31|   0|   31|          0|
    |k_i_reg_375                                    |    4|   0|    4|          0|
    |k_reg_1126                                     |    4|   0|    4|          0|
    |mellIdx_1_reg_1046                             |   32|   0|   32|          0|
    |mellIdx_reg_340                                |   32|   0|   32|          0|
    |mell_load_cast_cast_reg_1004                   |    8|   0|   31|         23|
    |n_i_reg_410                                    |    5|   0|    5|          0|
    |n_reg_1144                                     |    5|   0|    5|          0|
    |next_mul_reg_1118                              |    9|   0|    9|          0|
    |p_addr1_reg_1159                               |   32|   0|   32|          0|
    |p_addr_reg_1074                                |   31|   0|   32|          1|
    |phi_mul_reg_386                                |    9|   0|    9|          0|
    |reg_486                                        |   64|   0|   64|          0|
    |reg_495                                        |   64|   0|   64|          0|
    |reg_502                                        |   64|   0|   64|          0|
    |reg_507                                        |   64|   0|   64|          0|
    |reg_515                                        |   32|   0|   32|          0|
    |reg_521                                        |   32|   0|   32|          0|
    |reg_528                                        |   32|   0|   32|          0|
    |s_reg_1131                                     |   30|   0|   64|         34|
    |storemerge_reg_363                             |   64|   0|   64|          0|
    |sum_i_reg_398                                  |   64|   0|   64|          0|
    |tmp_27_i_trn2_reg_1136                         |    4|   0|   32|         28|
    |tmp_2_i_i_reg_1097                             |   23|   0|   32|          9|
    |tmp_47_reg_1079                                |    1|   0|    1|          0|
    |tmp_6_i_i_reg_1108                             |   32|   0|   32|          0|
    |tmp_70_reg_967                                 |   64|   0|   64|          0|
    |tmp_76_reg_994                                 |   64|   0|   64|          0|
    |tmp_77_reg_1009                                |    1|   0|    1|          0|
    |tmp_80_reg_1018                                |    1|   0|    1|          0|
    |tmp_84_reg_1027                                |    1|   0|    1|          0|
    |tmp_87_reg_1041                                |   64|   0|   64|          0|
    |x_assign_reg_1087                              |   32|   0|   32|          0|
    |y_reg_1103                                     |   32|   0|   32|          0|
    +-----------------------------------------------+-----+----+-----+-----------+
    |Total                                          | 1549|   0| 1645|         96|
    +-----------------------------------------------+-----+----+-----+-----------+



================================================================
== Interface
================================================================
* Summary: 
+---------------------+-----+-----+------------+-----------------------+--------------+
|      RTL Ports      | Dir | Bits|  Protocol  |     Source Object     |    C Type    |
+---------------------+-----+-----+------------+-----------------------+--------------+
|ap_clk               |  in |    1| ap_ctrl_hs | voicerec_processChunk | return value |
|ap_rst               |  in |    1| ap_ctrl_hs | voicerec_processChunk | return value |
|ap_start             |  in |    1| ap_ctrl_hs | voicerec_processChunk | return value |
|ap_done              | out |    1| ap_ctrl_hs | voicerec_processChunk | return value |
|ap_idle              | out |    1| ap_ctrl_hs | voicerec_processChunk | return value |
|ap_ready             | out |    1| ap_ctrl_hs | voicerec_processChunk | return value |
|sp                   |  in |   32|   ap_none  |           sp          |    scalar    |
|np                   |  in |   32|   ap_none  |           np          |    scalar    |
|ret_address0         | out |   10|  ap_memory |          ret          |     array    |
|ret_ce0              | out |    1|  ap_memory |          ret          |     array    |
|ret_we0              | out |    1|  ap_memory |          ret          |     array    |
|ret_d0               | out |   64|  ap_memory |          ret          |     array    |
|tmp_122              |  in |   32|   ap_none  |        tmp_122        |    scalar    |
|inputSound_address0  | out |   13|  ap_memory |       inputSound      |     array    |
|inputSound_ce0       | out |    1|  ap_memory |       inputSound      |     array    |
|inputSound_q0        |  in |   64|  ap_memory |       inputSound      |     array    |
+---------------------+-----+-----+------------+-----------------------+--------------+

