

================================================================
== Vivado HLS Report for 'voicerec_classifySound'
================================================================
* Date:           Sat Dec 12 03:01:05 2015

* Version:        2014.4 (Build 1071461 on Tue Nov 18 16:42:57 PM 2014)
* Project:        voicerec.prj
* Solution:       solution1
* Product family: zynq
* Target device:  xc7z020clg484-1


================================================================
== Performance Estimates
================================================================
+ Timing (ns): 
    * Summary: 
    +---------+-------+----------+------------+
    |  Clock  | Target| Estimated| Uncertainty|
    +---------+-------+----------+------------+
    |default  |  10.00|      8.62|        1.25|
    +---------+-------+----------+------------+

+ Latency (clock cycles): 
    * Summary: 
    +--------+--------+--------+--------+---------+
    |     Latency     |     Interval    | Pipeline|
    |   min  |   max  |   min  |   max  |   Type  |
    +--------+--------+--------+--------+---------+
    |  249327|  249327|  249327|  249327|   none  |
    +--------+--------+--------+--------+---------+

    + Detail: 
        * Instance: 
        N/A

        * Loop: 
        +-------------+------+------+----------+-----------+-----------+------+----------+
        |             |   Latency   | Iteration|  Initiation Interval  | Trip |          |
        |  Loop Name  |  min |  max |  Latency |  achieved |   target  | Count| Pipelined|
        +-------------+------+------+----------+-----------+-----------+------+----------+
        |- Loop 1     |  1890|  1890|        30|          -|          -|    63|    no    |
        | + Loop 1.1  |    28|    28|         2|          -|          -|    14|    no    |
        |- Loop 2     |    16|    16|         4|          -|          -|     4|    no    |
        +-------------+------+------+----------+-----------+-----------+------+----------+



================================================================
== Utilization Estimates
================================================================
* Summary: 
+-----------------+---------+-------+--------+-------+
|       Name      | BRAM_18K| DSP48E|   FF   |  LUT  |
+-----------------+---------+-------+--------+-------+
|Expression       |        -|      -|       -|      -|
|FIFO             |        -|      -|       -|      -|
|Instance         |        -|      -|       -|      -|
|Memory           |        -|      -|       -|      -|
|Multiplexer      |        -|      -|       -|      -|
|Register         |        -|      -|       -|      -|
+-----------------+---------+-------+--------+-------+
|Total            |        0|      0|       0|      0|
+-----------------+---------+-------+--------+-------+
|Available        |      280|    220|  106400|  53200|
+-----------------+---------+-------+--------+-------+
|Utilization (%)  |        0|      0|       0|      0|
+-----------------+---------+-------+--------+-------+

+ Detail: 
    * Instance: 
    N/A

    * Memory: 
    N/A

    * FIFO: 
    N/A

    * Expression: 
    N/A

    * Multiplexer: 
    N/A

    * Register: 
    N/A



================================================================
== Interface
================================================================
* Summary: 
N/A

============================================================
+ Verbose Summary: Synthesis Manager
============================================================
InlineROM: 1
ExposeGlobal: 0
============================================================
+ Verbose Summary: CDFG Model
============================================================
IsTopModel: 0
ResetActiveHigh: 1
IsCombinational: 0
IsDatapathOnly: 0
HasWiredReturn: 1
HasMFsm: 0
HasVarLatency: 1
IsPipeline: 0
IsRtlPipelined: 0
IsInstanceOverlapped: 0
IsDontTouch: 0
HasImplIP: 0
IsGatedGlobalClock: 0


============================================================
+ Verbose Summary: Schedule
============================================================
* Number of FSM states: 9
* Pipeline: 0
* Dataflow Pipeline: 0

* FSM state transitions: 
1 --> 
	2  / true
2 --> 
	5  / (exitcond1)
	3  / (!exitcond1)
3 --> 
	2  / (exitcond)
	4  / (!exitcond)
4 --> 
	3  / true
5 --> 
	6  / true
6 --> 
	7  / (!exitcond_i)
7 --> 
	8  / true
8 --> 
	9  / true
9 --> 
	6  / true
* FSM state operations: 

 <State 1>: 2.39ns
ST_1: flatInput [1/1] 2.39ns
:0  %flatInput = alloca [882 x float], align 16

ST_1: stg_11 [1/1] 1.57ns
:1  br label %.loopexit


 <State 2>: 1.94ns
ST_2: i [1/1] 0.00ns
.loopexit:0  %i = phi i6 [ 0, %0 ], [ %i_2, %.preheader ]

ST_2: exitcond1 [1/1] 1.94ns
.loopexit:1  %exitcond1 = icmp eq i6 %i, -1

ST_2: empty [1/1] 0.00ns
.loopexit:2  %empty = call i32 (...)* @_ssdm_op_SpecLoopTripCount(i64 63, i64 63, i64 63)

ST_2: i_2 [1/1] 1.72ns
.loopexit:3  %i_2 = add i6 %i, 1

ST_2: stg_16 [1/1] 0.00ns
.loopexit:4  br i1 %exitcond1, label %2, label %.preheader.preheader

ST_2: p_shl [1/1] 0.00ns
.preheader.preheader:0  %p_shl = call i10 @_ssdm_op_BitConcatenate.i10.i6.i4(i6 %i, i4 0)

ST_2: p_shl_cast [1/1] 0.00ns
.preheader.preheader:1  %p_shl_cast = zext i10 %p_shl to i11

ST_2: p_shl2 [1/1] 0.00ns
.preheader.preheader:2  %p_shl2 = call i7 @_ssdm_op_BitConcatenate.i7.i6.i1(i6 %i, i1 false)

ST_2: p_shl2_cast [1/1] 0.00ns
.preheader.preheader:3  %p_shl2_cast = zext i7 %p_shl2 to i11

ST_2: tmp_9 [1/1] 1.84ns
.preheader.preheader:4  %tmp_9 = sub i11 %p_shl_cast, %p_shl2_cast

ST_2: result_addr1_cast [1/1] 0.00ns
.preheader.preheader:5  %result_addr1_cast = sext i11 %tmp_9 to i12

ST_2: stg_23 [1/1] 1.57ns
.preheader.preheader:6  br label %.preheader

ST_2: stg_24 [2/2] 0.00ns
:0  call fastcc void @voicerec_feedForward([882 x float]* %flatInput)


 <State 3>: 4.23ns
ST_3: j [1/1] 0.00ns
.preheader:0  %j = phi i4 [ %j_1, %1 ], [ 0, %.preheader.preheader ]

ST_3: j_cast3 [1/1] 0.00ns
.preheader:1  %j_cast3 = zext i4 %j to i11

ST_3: exitcond [1/1] 1.88ns
.preheader:2  %exitcond = icmp eq i4 %j, -2

ST_3: empty_7 [1/1] 0.00ns
.preheader:3  %empty_7 = call i32 (...)* @_ssdm_op_SpecLoopTripCount(i64 14, i64 14, i64 14)

ST_3: j_1 [1/1] 0.80ns
.preheader:4  %j_1 = add i4 %j, 1

ST_3: stg_30 [1/1] 0.00ns
.preheader:5  br i1 %exitcond, label %.loopexit, label %1

ST_3: tmp_1_trn_cast [1/1] 0.00ns
:0  %tmp_1_trn_cast = zext i4 %j to i12

ST_3: result_addr2 [1/1] 1.84ns
:1  %result_addr2 = add i12 %result_addr1_cast, %tmp_1_trn_cast

ST_3: result_addr2_cast [1/1] 0.00ns
:2  %result_addr2_cast = sext i12 %result_addr2 to i32

ST_3: tmp_11 [1/1] 0.00ns
:3  %tmp_11 = zext i32 %result_addr2_cast to i64

ST_3: result_addr [1/1] 0.00ns
:4  %result_addr = getelementptr [882 x float]* @result, i64 0, i64 %tmp_11

ST_3: result_load [2/2] 2.39ns
:5  %result_load = load float* %result_addr, align 4

ST_3: tmp_2 [1/1] 1.84ns
:6  %tmp_2 = add i11 %j_cast3, %tmp_9


 <State 4>: 4.78ns
ST_4: result_load [1/2] 2.39ns
:5  %result_load = load float* %result_addr, align 4

ST_4: tmp_2_cast [1/1] 0.00ns
:7  %tmp_2_cast = sext i11 %tmp_2 to i32

ST_4: tmp_3 [1/1] 0.00ns
:8  %tmp_3 = zext i32 %tmp_2_cast to i64

ST_4: flatInput_addr [1/1] 0.00ns
:9  %flatInput_addr = getelementptr inbounds [882 x float]* %flatInput, i64 0, i64 %tmp_3

ST_4: stg_42 [1/1] 2.39ns
:10  store float %result_load, float* %flatInput_addr, align 4

ST_4: stg_43 [1/1] 0.00ns
:11  br label %.preheader


 <State 5>: 1.57ns
ST_5: stg_44 [1/2] 0.00ns
:0  call fastcc void @voicerec_feedForward([882 x float]* %flatInput)

ST_5: stg_45 [1/1] 1.57ns
:1  br label %3


 <State 6>: 2.39ns
ST_6: guess [1/1] 0.00ns
:0  %guess = phi i3 [ 0, %2 ], [ %j_2, %._crit_edge.i ]

ST_6: guess_i [1/1] 0.00ns
:1  %guess_i = phi i32 [ undef, %2 ], [ %guess_1, %._crit_edge.i ]

ST_6: second_max [1/1] 0.00ns
:2  %second_max = phi float [ 0.000000e+00, %2 ], [ %max_1, %._crit_edge.i ]

ST_6: guess_cast1 [1/1] 0.00ns
:3  %guess_cast1 = zext i3 %guess to i32

ST_6: exitcond_i [1/1] 1.62ns
:4  %exitcond_i = icmp eq i3 %guess, -4

ST_6: empty_8 [1/1] 0.00ns
:5  %empty_8 = call i32 (...)* @_ssdm_op_SpecLoopTripCount(i64 4, i64 4, i64 4) nounwind

ST_6: j_2 [1/1] 0.80ns
:6  %j_2 = add i3 %guess, 1

ST_6: stg_53 [1/1] 0.00ns
:7  br i1 %exitcond_i, label %guessClassification.exit, label %._crit_edge.i

ST_6: tmp_i [1/1] 0.00ns
._crit_edge.i:0  %tmp_i = zext i3 %guess to i64

ST_6: output_addr [1/1] 0.00ns
._crit_edge.i:1  %output_addr = getelementptr inbounds [4 x float]* @output_r, i64 0, i64 %tmp_i

ST_6: max [2/2] 2.39ns
._crit_edge.i:2  %max = load float* %output_addr, align 4

ST_6: stg_57 [1/1] 0.00ns
guessClassification.exit:0  ret i32 %guess_i


 <State 7>: 2.39ns
ST_7: max [1/2] 2.39ns
._crit_edge.i:2  %max = load float* %output_addr, align 4


 <State 8>: 6.79ns
ST_8: tmp_6 [1/1] 6.79ns
._crit_edge.i:16  %tmp_6 = fcmp ogt float %max, %second_max


 <State 9>: 7.87ns
ST_9: max_to_int [1/1] 0.00ns
._crit_edge.i:3  %max_to_int = bitcast float %max to i32

ST_9: tmp [1/1] 0.00ns
._crit_edge.i:4  %tmp = call i8 @_ssdm_op_PartSelect.i8.i32.i32.i32(i32 %max_to_int, i32 23, i32 30)

ST_9: tmp_1 [1/1] 0.00ns
._crit_edge.i:5  %tmp_1 = trunc i32 %max_to_int to i23

ST_9: second_max_to_int [1/1] 0.00ns
._crit_edge.i:6  %second_max_to_int = bitcast float %second_max to i32

ST_9: tmp_5 [1/1] 0.00ns
._crit_edge.i:7  %tmp_5 = call i8 @_ssdm_op_PartSelect.i8.i32.i32.i32(i32 %second_max_to_int, i32 23, i32 30)

ST_9: tmp_4 [1/1] 0.00ns
._crit_edge.i:8  %tmp_4 = trunc i32 %second_max_to_int to i23

ST_9: notlhs [1/1] 2.00ns
._crit_edge.i:9  %notlhs = icmp ne i8 %tmp, -1

ST_9: notrhs [1/1] 2.39ns
._crit_edge.i:10  %notrhs = icmp eq i23 %tmp_1, 0

ST_9: tmp_7 [1/1] 1.37ns
._crit_edge.i:11  %tmp_7 = or i1 %notrhs, %notlhs

ST_9: notlhs6 [1/1] 2.00ns
._crit_edge.i:12  %notlhs6 = icmp ne i8 %tmp_5, -1

ST_9: notrhs7 [1/1] 2.39ns
._crit_edge.i:13  %notrhs7 = icmp eq i23 %tmp_4, 0

ST_9: tmp_8 [1/1] 1.37ns
._crit_edge.i:14  %tmp_8 = or i1 %notrhs7, %notlhs6

ST_9: tmp_s [1/1] 1.37ns
._crit_edge.i:15  %tmp_s = and i1 %tmp_7, %tmp_8

ST_9: tmp_10 [1/1] 1.37ns
._crit_edge.i:17  %tmp_10 = and i1 %tmp_s, %tmp_6

ST_9: guess_1 [1/1] 1.37ns
._crit_edge.i:18  %guess_1 = select i1 %tmp_10, i32 %guess_cast1, i32 %guess_i

ST_9: max_1 [1/1] 1.37ns
._crit_edge.i:19  %max_1 = select i1 %tmp_10, float %max, float %second_max

ST_9: stg_76 [1/1] 0.00ns
._crit_edge.i:20  br label %3



============================================================
+ Verbose Summary: Binding
============================================================
STG Binding: 
---------------- STG Properties BEGIN ----------------
- Is combinational: 0
- Is one-state seq: 0
- Is datapath-only: 0
- Is clock enabled: 0
- Is pipelined: 0
- Is top level: 0
Port [ Return ] is wired: 1; IO mode=ap_ctrl_hs:ce=0
Port [ result]:  wired=1; compound=1; hidden=0; nouse=0; global=1; static=0; extern=0; dir=0; type=1; mode=0xcd88860; pingpong=0; private_global=0; linkage=0; visibility=0; MemPort=[13]; IO mode=ap_memory:ce=0
Port [ input_r]:  wired=0; compound=1; hidden=1; nouse=1; global=1; static=0; extern=0; dir=2; type=1; mode=0xcd88a10; pingpong=0; private_global=0; linkage=0; visibility=0; MemPort=[23]; IO mode=ap_memory:ce=0
Port [ hidden]:  wired=0; compound=1; hidden=1; nouse=1; global=1; static=0; extern=0; dir=2; type=1; mode=0xcd89e50; pingpong=0; private_global=0; linkage=0; visibility=0; MemPort=[23]; IO mode=ap_memory:ce=0
Port [ weightIH]:  wired=0; compound=1; hidden=1; nouse=1; global=1; static=0; extern=0; dir=0; type=1; mode=0xcd89ca0; pingpong=0; private_global=0; linkage=0; visibility=0; MemPort=[1]; IO mode=ap_memory:ce=0
Port [ output_r]:  wired=0; compound=1; hidden=1; nouse=0; global=1; static=0; extern=0; dir=2; type=1; mode=0xcd89c10; pingpong=0; private_global=1; linkage=0; visibility=0; MemPort=[23]; IO mode=ap_memory:ce=0
Port [ weightHO]:  wired=0; compound=1; hidden=1; nouse=1; global=1; static=0; extern=0; dir=0; type=1; mode=0xcd89b80; pingpong=0; private_global=0; linkage=0; visibility=0; MemPort=[1]; IO mode=ap_memory:ce=0
---------------- STG Properties END ------------------

---------------- Datapath Model BEGIN ----------------

<LifeTime>
<method=bitvector/>
flatInput         (alloca           ) [ 0011110000]
stg_11            (br               ) [ 0111100000]
i                 (phi              ) [ 0010000000]
exitcond1         (icmp             ) [ 0011100000]
empty             (speclooptripcount) [ 0000000000]
i_2               (add              ) [ 0111100000]
stg_16            (br               ) [ 0000000000]
p_shl             (bitconcatenate   ) [ 0000000000]
p_shl_cast        (zext             ) [ 0000000000]
p_shl2            (bitconcatenate   ) [ 0000000000]
p_shl2_cast       (zext             ) [ 0000000000]
tmp_9             (sub              ) [ 0001100000]
result_addr1_cast (sext             ) [ 0001100000]
stg_23            (br               ) [ 0011100000]
j                 (phi              ) [ 0001000000]
j_cast3           (zext             ) [ 0000000000]
exitcond          (icmp             ) [ 0011100000]
empty_7           (speclooptripcount) [ 0000000000]
j_1               (add              ) [ 0011100000]
stg_30            (br               ) [ 0111100000]
tmp_1_trn_cast    (zext             ) [ 0000000000]
result_addr2      (add              ) [ 0000000000]
result_addr2_cast (sext             ) [ 0000000000]
tmp_11            (zext             ) [ 0000000000]
result_addr       (getelementptr    ) [ 0000100000]
tmp_2             (add              ) [ 0000100000]
result_load       (load             ) [ 0000000000]
tmp_2_cast        (sext             ) [ 0000000000]
tmp_3             (zext             ) [ 0000000000]
flatInput_addr    (getelementptr    ) [ 0000000000]
stg_42            (store            ) [ 0000000000]
stg_43            (br               ) [ 0011100000]
stg_44            (call             ) [ 0000000000]
stg_45            (br               ) [ 0000011111]
guess             (phi              ) [ 0000001000]
guess_i           (phi              ) [ 0000001111]
second_max        (phi              ) [ 0000001111]
guess_cast1       (zext             ) [ 0000000111]
exitcond_i        (icmp             ) [ 0000001111]
empty_8           (speclooptripcount) [ 0000000000]
j_2               (add              ) [ 0000011111]
stg_53            (br               ) [ 0000000000]
tmp_i             (zext             ) [ 0000000000]
output_addr       (getelementptr    ) [ 0000000100]
stg_57            (ret              ) [ 0000000000]
max               (load             ) [ 0000000011]
tmp_6             (fcmp             ) [ 0000000001]
max_to_int        (bitcast          ) [ 0000000000]
tmp               (partselect       ) [ 0000000000]
tmp_1             (trunc            ) [ 0000000000]
second_max_to_int (bitcast          ) [ 0000000000]
tmp_5             (partselect       ) [ 0000000000]
tmp_4             (trunc            ) [ 0000000000]
notlhs            (icmp             ) [ 0000000000]
notrhs            (icmp             ) [ 0000000000]
tmp_7             (or               ) [ 0000000000]
notlhs6           (icmp             ) [ 0000000000]
notrhs7           (icmp             ) [ 0000000000]
tmp_8             (or               ) [ 0000000000]
tmp_s             (and              ) [ 0000000000]
tmp_10            (and              ) [ 0000000000]
guess_1           (select           ) [ 0000011111]
max_1             (select           ) [ 0000011111]
stg_76            (br               ) [ 0000011111]
</LifeTime>

<model>

<comp_list>
<comp id="0" class="1000" name="result">
<pin_list>
<pin id="1" dir="1" index="0" bw="1" slack="0"/>
</pin_list>
<bind>
<StgValue><ssdm name="result"/><MemPortTyVec>1 3 </MemPortTyVec>
</StgValue>
</bind>
</comp>

<comp id="2" class="1000" name="input_r">
<pin_list>
<pin id="3" dir="1" index="0" bw="1" slack="0"/>
</pin_list>
<bind>
<StgValue><ssdm name="input_r"/><MemPortTyVec>2 3 </MemPortTyVec>
</StgValue>
</bind>
</comp>

<comp id="4" class="1000" name="hidden">
<pin_list>
<pin id="5" dir="1" index="0" bw="1" slack="0"/>
</pin_list>
<bind>
<StgValue><ssdm name="hidden"/><MemPortTyVec>2 3 </MemPortTyVec>
</StgValue>
</bind>
</comp>

<comp id="6" class="1000" name="weightIH">
<pin_list>
<pin id="7" dir="1" index="0" bw="1" slack="0"/>
</pin_list>
<bind>
<StgValue><ssdm name="weightIH"/><MemPortTyVec>1 </MemPortTyVec>
</StgValue>
</bind>
</comp>

<comp id="8" class="1000" name="output_r">
<pin_list>
<pin id="9" dir="1" index="0" bw="1" slack="0"/>
</pin_list>
<bind>
<StgValue><ssdm name="output_r"/><MemPortTyVec>2 3 </MemPortTyVec>
</StgValue>
</bind>
</comp>

<comp id="10" class="1000" name="weightHO">
<pin_list>
<pin id="11" dir="1" index="0" bw="1" slack="0"/>
</pin_list>
<bind>
<StgValue><ssdm name="weightHO"/><MemPortTyVec>1 </MemPortTyVec>
</StgValue>
</bind>
</comp>

<comp id="12" class="1001" name="const_12">
<pin_list>
<pin id="13" dir="1" index="0" bw="1" slack="0"/>
</pin_list>
<bind>
<StgValue><ssdm name=""/></StgValue>
</bind>
</comp>

<comp id="14" class="1001" name="const_14">
<pin_list>
<pin id="15" dir="1" index="0" bw="1" slack="1"/>
</pin_list>
<bind>
<StgValue><ssdm name=""/></StgValue>
</bind>
</comp>

<comp id="16" class="1001" name="const_16">
<pin_list>
<pin id="17" dir="1" index="0" bw="1" slack="0"/>
</pin_list>
<bind>
<StgValue><ssdm name=""/></StgValue>
</bind>
</comp>

<comp id="18" class="1001" name="const_18">
<pin_list>
<pin id="19" dir="1" index="0" bw="1" slack="2147483647"/>
</pin_list>
<bind>
<StgValue><ssdm name="_ssdm_op_SpecLoopTripCount"/></StgValue>
</bind>
</comp>

<comp id="20" class="1001" name="const_20">
<pin_list>
<pin id="21" dir="1" index="0" bw="1" slack="2147483647"/>
</pin_list>
<bind>
<StgValue><ssdm name=""/></StgValue>
</bind>
</comp>

<comp id="22" class="1001" name="const_22">
<pin_list>
<pin id="23" dir="1" index="0" bw="1" slack="0"/>
</pin_list>
<bind>
<StgValue><ssdm name=""/></StgValue>
</bind>
</comp>

<comp id="24" class="1001" name="const_24">
<pin_list>
<pin id="25" dir="1" index="0" bw="1" slack="0"/>
</pin_list>
<bind>
<StgValue><ssdm name="_ssdm_op_BitConcatenate.i10.i6.i4"/></StgValue>
</bind>
</comp>

<comp id="26" class="1001" name="const_26">
<pin_list>
<pin id="27" dir="1" index="0" bw="1" slack="0"/>
</pin_list>
<bind>
<StgValue><ssdm name=""/></StgValue>
</bind>
</comp>

<comp id="28" class="1001" name="const_28">
<pin_list>
<pin id="29" dir="1" index="0" bw="1" slack="0"/>
</pin_list>
<bind>
<StgValue><ssdm name="_ssdm_op_BitConcatenate.i7.i6.i1"/></StgValue>
</bind>
</comp>

<comp id="30" class="1001" name="const_30">
<pin_list>
<pin id="31" dir="1" index="0" bw="1" slack="0"/>
</pin_list>
<bind>
<StgValue><ssdm name=""/></StgValue>
</bind>
</comp>

<comp id="32" class="1001" name="const_32">
<pin_list>
<pin id="33" dir="1" index="0" bw="1" slack="0"/>
</pin_list>
<bind>
<StgValue><ssdm name="voicerec_feedForward"/></StgValue>
</bind>
</comp>

<comp id="34" class="1001" name="const_34">
<pin_list>
<pin id="35" dir="1" index="0" bw="1" slack="0"/>
</pin_list>
<bind>
<StgValue><ssdm name=""/></StgValue>
</bind>
</comp>

<comp id="36" class="1001" name="const_36">
<pin_list>
<pin id="37" dir="1" index="0" bw="1" slack="2147483647"/>
</pin_list>
<bind>
<StgValue><ssdm name=""/></StgValue>
</bind>
</comp>

<comp id="38" class="1001" name="const_38">
<pin_list>
<pin id="39" dir="1" index="0" bw="1" slack="0"/>
</pin_list>
<bind>
<StgValue><ssdm name=""/></StgValue>
</bind>
</comp>

<comp id="40" class="1001" name="const_40">
<pin_list>
<pin id="41" dir="1" index="0" bw="1" slack="0"/>
</pin_list>
<bind>
<StgValue><ssdm name=""/></StgValue>
</bind>
</comp>

<comp id="42" class="1001" name="const_42">
<pin_list>
<pin id="43" dir="1" index="0" bw="1" slack="1"/>
</pin_list>
<bind>
<StgValue><ssdm name=""/></StgValue>
</bind>
</comp>

<comp id="44" class="1001" name="const_44">
<pin_list>
<pin id="45" dir="1" index="0" bw="1" slack="1"/>
</pin_list>
<bind>
<StgValue><ssdm name=""/></StgValue>
</bind>
</comp>

<comp id="46" class="1001" name="const_46">
<pin_list>
<pin id="47" dir="1" index="0" bw="1" slack="1"/>
</pin_list>
<bind>
<StgValue><ssdm name=""/></StgValue>
</bind>
</comp>

<comp id="48" class="1001" name="const_48">
<pin_list>
<pin id="49" dir="1" index="0" bw="1" slack="0"/>
</pin_list>
<bind>
<StgValue><ssdm name=""/></StgValue>
</bind>
</comp>

<comp id="50" class="1001" name="const_50">
<pin_list>
<pin id="51" dir="1" index="0" bw="1" slack="2147483647"/>
</pin_list>
<bind>
<StgValue><ssdm name=""/></StgValue>
</bind>
</comp>

<comp id="52" class="1001" name="const_52">
<pin_list>
<pin id="53" dir="1" index="0" bw="1" slack="0"/>
</pin_list>
<bind>
<StgValue><ssdm name=""/></StgValue>
</bind>
</comp>

<comp id="54" class="1001" name="const_54">
<pin_list>
<pin id="55" dir="1" index="0" bw="1" slack="0"/>
</pin_list>
<bind>
<StgValue><ssdm name="_ssdm_op_PartSelect.i8.i32.i32.i32"/></StgValue>
</bind>
</comp>

<comp id="56" class="1001" name="const_56">
<pin_list>
<pin id="57" dir="1" index="0" bw="1" slack="0"/>
</pin_list>
<bind>
<StgValue><ssdm name=""/></StgValue>
</bind>
</comp>

<comp id="58" class="1001" name="const_58">
<pin_list>
<pin id="59" dir="1" index="0" bw="1" slack="0"/>
</pin_list>
<bind>
<StgValue><ssdm name=""/></StgValue>
</bind>
</comp>

<comp id="60" class="1001" name="const_60">
<pin_list>
<pin id="61" dir="1" index="0" bw="1" slack="0"/>
</pin_list>
<bind>
<StgValue><ssdm name=""/></StgValue>
</bind>
</comp>

<comp id="62" class="1001" name="const_62">
<pin_list>
<pin id="63" dir="1" index="0" bw="1" slack="0"/>
</pin_list>
<bind>
<StgValue><ssdm name=""/></StgValue>
</bind>
</comp>

<comp id="64" class="1004" name="flatInput_alloca_fu_64">
<pin_list>
<pin id="65" dir="0" index="0" bw="1" slack="0"/>
<pin id="66" dir="1" index="1" bw="32" slack="2147483647"/>
</pin_list>
<bind>
<opcode="alloca(26) " fcode="alloca"/>
<opset="flatInput/1 "/>
</bind>
</comp>

<comp id="68" class="1004" name="result_addr_gep_fu_68">
<pin_list>
<pin id="69" dir="0" index="0" bw="32" slack="0"/>
<pin id="70" dir="0" index="1" bw="1" slack="0"/>
<pin id="71" dir="0" index="2" bw="32" slack="0"/>
<pin id="72" dir="1" index="3" bw="10" slack="0"/>
</pin_list>
<bind>
<opcode="getelementptr(29) " fcode="getelementptr"/>
<opset="result_addr/3 "/>
</bind>
</comp>

<comp id="75" class="1004" name="grp_access_fu_75">
<pin_list>
<pin id="76" dir="0" index="0" bw="10" slack="0"/>
<pin id="77" dir="0" index="1" bw="32" slack="2147483647"/>
<pin id="78" dir="1" index="2" bw="32" slack="0"/>
</pin_list>
<bind>
<opcode="load(27) " fcode="load"/>
<opset="result_load/3 "/>
</bind>
</comp>

<comp id="80" class="1004" name="flatInput_addr_gep_fu_80">
<pin_list>
<pin id="81" dir="0" index="0" bw="32" slack="2147483647"/>
<pin id="82" dir="0" index="1" bw="1" slack="0"/>
<pin id="83" dir="0" index="2" bw="32" slack="0"/>
<pin id="84" dir="1" index="3" bw="10" slack="0"/>
</pin_list>
<bind>
<opcode="getelementptr(29) " fcode="getelementptr"/>
<opset="flatInput_addr/4 "/>
</bind>
</comp>

<comp id="86" class="1004" name="stg_42_access_fu_86">
<pin_list>
<pin id="87" dir="0" index="0" bw="10" slack="0"/>
<pin id="88" dir="0" index="1" bw="32" slack="0"/>
<pin id="89" dir="1" index="2" bw="32" slack="2147483647"/>
</pin_list>
<bind>
<opcode="store(28) " fcode="store"/>
<opset="stg_42/4 "/>
</bind>
</comp>

<comp id="92" class="1004" name="output_addr_gep_fu_92">
<pin_list>
<pin id="93" dir="0" index="0" bw="32" slack="0"/>
<pin id="94" dir="0" index="1" bw="1" slack="0"/>
<pin id="95" dir="0" index="2" bw="3" slack="0"/>
<pin id="96" dir="1" index="3" bw="2" slack="0"/>
</pin_list>
<bind>
<opcode="getelementptr(29) " fcode="getelementptr"/>
<opset="output_addr/6 "/>
</bind>
</comp>

<comp id="99" class="1004" name="grp_access_fu_99">
<pin_list>
<pin id="100" dir="0" index="0" bw="2" slack="0"/>
<pin id="101" dir="0" index="1" bw="32" slack="2147483647"/>
<pin id="102" dir="1" index="2" bw="32" slack="1"/>
</pin_list>
<bind>
<opcode="load(27) " fcode="load"/>
<opset="max/6 "/>
</bind>
</comp>

<comp id="104" class="1005" name="i_reg_104">
<pin_list>
<pin id="105" dir="0" index="0" bw="6" slack="1"/>
<pin id="106" dir="1" index="1" bw="6" slack="1"/>
</pin_list>
<bind>
<opset="i (phireg) "/>
</bind>
</comp>

<comp id="108" class="1004" name="i_phi_fu_108">
<pin_list>
<pin id="109" dir="0" index="0" bw="1" slack="1"/>
<pin id="110" dir="0" index="1" bw="0" slack="2147483647"/>
<pin id="111" dir="0" index="2" bw="6" slack="0"/>
<pin id="112" dir="0" index="3" bw="0" slack="2147483647"/>
<pin id="113" dir="1" index="4" bw="6" slack="0"/>
</pin_list>
<bind>
<opcode="phi(47) " fcode="phi"/>
<opset="i/2 "/>
</bind>
</comp>

<comp id="115" class="1005" name="j_reg_115">
<pin_list>
<pin id="116" dir="0" index="0" bw="4" slack="1"/>
<pin id="117" dir="1" index="1" bw="4" slack="1"/>
</pin_list>
<bind>
<opset="j (phireg) "/>
</bind>
</comp>

<comp id="119" class="1004" name="j_phi_fu_119">
<pin_list>
<pin id="120" dir="0" index="0" bw="4" slack="0"/>
<pin id="121" dir="0" index="1" bw="0" slack="2147483647"/>
<pin id="122" dir="0" index="2" bw="1" slack="1"/>
<pin id="123" dir="0" index="3" bw="0" slack="2147483647"/>
<pin id="124" dir="1" index="4" bw="4" slack="0"/>
</pin_list>
<bind>
<opcode="phi(47) " fcode="phi"/>
<opset="j/3 "/>
</bind>
</comp>

<comp id="126" class="1005" name="guess_reg_126">
<pin_list>
<pin id="127" dir="0" index="0" bw="3" slack="1"/>
<pin id="128" dir="1" index="1" bw="3" slack="1"/>
</pin_list>
<bind>
<opset="guess (phireg) "/>
</bind>
</comp>

<comp id="130" class="1004" name="guess_phi_fu_130">
<pin_list>
<pin id="131" dir="0" index="0" bw="1" slack="1"/>
<pin id="132" dir="0" index="1" bw="0" slack="2147483647"/>
<pin id="133" dir="0" index="2" bw="3" slack="0"/>
<pin id="134" dir="0" index="3" bw="0" slack="2147483647"/>
<pin id="135" dir="1" index="4" bw="3" slack="0"/>
</pin_list>
<bind>
<opcode="phi(47) " fcode="phi"/>
<opset="guess/6 "/>
</bind>
</comp>

<comp id="137" class="1005" name="guess_i_reg_137">
<pin_list>
<pin id="138" dir="0" index="0" bw="32" slack="1"/>
<pin id="139" dir="1" index="1" bw="32" slack="1"/>
</pin_list>
<bind>
<opset="guess_i (phireg) "/>
</bind>
</comp>

<comp id="141" class="1004" name="guess_i_phi_fu_141">
<pin_list>
<pin id="142" dir="0" index="0" bw="1" slack="1"/>
<pin id="143" dir="0" index="1" bw="0" slack="2147483647"/>
<pin id="144" dir="0" index="2" bw="32" slack="1"/>
<pin id="145" dir="0" index="3" bw="0" slack="2147483647"/>
<pin id="146" dir="1" index="4" bw="32" slack="3"/>
</pin_list>
<bind>
<opcode="phi(47) " fcode="phi"/>
<opset="guess_i/6 "/>
</bind>
</comp>

<comp id="149" class="1005" name="second_max_reg_149">
<pin_list>
<pin id="150" dir="0" index="0" bw="32" slack="1"/>
<pin id="151" dir="1" index="1" bw="32" slack="1"/>
</pin_list>
<bind>
<opset="second_max (phireg) "/>
</bind>
</comp>

<comp id="153" class="1004" name="second_max_phi_fu_153">
<pin_list>
<pin id="154" dir="0" index="0" bw="32" slack="1"/>
<pin id="155" dir="0" index="1" bw="0" slack="2147483647"/>
<pin id="156" dir="0" index="2" bw="32" slack="1"/>
<pin id="157" dir="0" index="3" bw="0" slack="2147483647"/>
<pin id="158" dir="1" index="4" bw="32" slack="2"/>
</pin_list>
<bind>
<opcode="phi(47) " fcode="phi"/>
<opset="second_max/6 "/>
</bind>
</comp>

<comp id="162" class="1004" name="grp_voicerec_feedForward_fu_162">
<pin_list>
<pin id="163" dir="0" index="0" bw="0" slack="0"/>
<pin id="164" dir="0" index="1" bw="32" slack="2147483647"/>
<pin id="165" dir="0" index="2" bw="32" slack="0"/>
<pin id="166" dir="0" index="3" bw="32" slack="0"/>
<pin id="167" dir="0" index="4" bw="32" slack="0"/>
<pin id="168" dir="0" index="5" bw="32" slack="0"/>
<pin id="169" dir="0" index="6" bw="32" slack="0"/>
<pin id="170" dir="1" index="7" bw="0" slack="2147483647"/>
</pin_list>
<bind>
<opcode="call(48) " fcode="call"/>
<opset="stg_24/2 "/>
</bind>
</comp>

<comp id="177" class="1004" name="tmp_6_fu_177">
<pin_list>
<pin id="178" dir="0" index="0" bw="32" slack="1"/>
<pin id="179" dir="0" index="1" bw="32" slack="2"/>
<pin id="180" dir="1" index="2" bw="1" slack="1"/>
</pin_list>
<bind>
<opcode="fcmp(46) " fcode="fcmp"/>
<opset="tmp_6/8 "/>
</bind>
</comp>

<comp id="182" class="1004" name="exitcond1_fu_182">
<pin_list>
<pin id="183" dir="0" index="0" bw="6" slack="0"/>
<pin id="184" dir="0" index="1" bw="1" slack="0"/>
<pin id="185" dir="1" index="2" bw="1" slack="2147483647"/>
</pin_list>
<bind>
<opcode="icmp(45) " fcode="icmp"/>
<opset="exitcond1/2 "/>
</bind>
</comp>

<comp id="188" class="1004" name="i_2_fu_188">
<pin_list>
<pin id="189" dir="0" index="0" bw="6" slack="0"/>
<pin id="190" dir="0" index="1" bw="1" slack="0"/>
<pin id="191" dir="1" index="2" bw="6" slack="0"/>
</pin_list>
<bind>
<opcode="add(8) " fcode="add"/>
<opset="i_2/2 "/>
</bind>
</comp>

<comp id="194" class="1004" name="p_shl_fu_194">
<pin_list>
<pin id="195" dir="0" index="0" bw="10" slack="0"/>
<pin id="196" dir="0" index="1" bw="6" slack="0"/>
<pin id="197" dir="0" index="2" bw="1" slack="0"/>
<pin id="198" dir="1" index="3" bw="10" slack="0"/>
</pin_list>
<bind>
<opcode="bitconcatenate(1004) " fcode="bitconcatenate"/>
<opset="p_shl/2 "/>
</bind>
</comp>

<comp id="202" class="1004" name="p_shl_cast_fu_202">
<pin_list>
<pin id="203" dir="0" index="0" bw="10" slack="0"/>
<pin id="204" dir="1" index="1" bw="11" slack="0"/>
</pin_list>
<bind>
<opcode="zext(34) " fcode="zext"/>
<opset="p_shl_cast/2 "/>
</bind>
</comp>

<comp id="206" class="1004" name="p_shl2_fu_206">
<pin_list>
<pin id="207" dir="0" index="0" bw="7" slack="0"/>
<pin id="208" dir="0" index="1" bw="6" slack="0"/>
<pin id="209" dir="0" index="2" bw="1" slack="0"/>
<pin id="210" dir="1" index="3" bw="7" slack="0"/>
</pin_list>
<bind>
<opcode="bitconcatenate(1004) " fcode="bitconcatenate"/>
<opset="p_shl2/2 "/>
</bind>
</comp>

<comp id="214" class="1004" name="p_shl2_cast_fu_214">
<pin_list>
<pin id="215" dir="0" index="0" bw="7" slack="0"/>
<pin id="216" dir="1" index="1" bw="11" slack="0"/>
</pin_list>
<bind>
<opcode="zext(34) " fcode="zext"/>
<opset="p_shl2_cast/2 "/>
</bind>
</comp>

<comp id="218" class="1004" name="tmp_9_fu_218">
<pin_list>
<pin id="219" dir="0" index="0" bw="10" slack="0"/>
<pin id="220" dir="0" index="1" bw="7" slack="0"/>
<pin id="221" dir="1" index="2" bw="11" slack="0"/>
</pin_list>
<bind>
<opcode="sub(10) " fcode="sub"/>
<opset="tmp_9/2 "/>
</bind>
</comp>

<comp id="224" class="1004" name="result_addr1_cast_fu_224">
<pin_list>
<pin id="225" dir="0" index="0" bw="11" slack="0"/>
<pin id="226" dir="1" index="1" bw="12" slack="1"/>
</pin_list>
<bind>
<opcode="sext(35) " fcode="sext"/>
<opset="result_addr1_cast/2 "/>
</bind>
</comp>

<comp id="228" class="1004" name="j_cast3_fu_228">
<pin_list>
<pin id="229" dir="0" index="0" bw="4" slack="0"/>
<pin id="230" dir="1" index="1" bw="11" slack="0"/>
</pin_list>
<bind>
<opcode="zext(34) " fcode="zext"/>
<opset="j_cast3/3 "/>
</bind>
</comp>

<comp id="232" class="1004" name="exitcond_fu_232">
<pin_list>
<pin id="233" dir="0" index="0" bw="4" slack="0"/>
<pin id="234" dir="0" index="1" bw="2" slack="0"/>
<pin id="235" dir="1" index="2" bw="1" slack="2147483647"/>
</pin_list>
<bind>
<opcode="icmp(45) " fcode="icmp"/>
<opset="exitcond/3 "/>
</bind>
</comp>

<comp id="238" class="1004" name="j_1_fu_238">
<pin_list>
<pin id="239" dir="0" index="0" bw="4" slack="0"/>
<pin id="240" dir="0" index="1" bw="1" slack="0"/>
<pin id="241" dir="1" index="2" bw="4" slack="0"/>
</pin_list>
<bind>
<opcode="add(8) " fcode="add"/>
<opset="j_1/3 "/>
</bind>
</comp>

<comp id="244" class="1004" name="tmp_1_trn_cast_fu_244">
<pin_list>
<pin id="245" dir="0" index="0" bw="4" slack="0"/>
<pin id="246" dir="1" index="1" bw="12" slack="0"/>
</pin_list>
<bind>
<opcode="zext(34) " fcode="zext"/>
<opset="tmp_1_trn_cast/3 "/>
</bind>
</comp>

<comp id="248" class="1004" name="result_addr2_fu_248">
<pin_list>
<pin id="249" dir="0" index="0" bw="11" slack="1"/>
<pin id="250" dir="0" index="1" bw="4" slack="0"/>
<pin id="251" dir="1" index="2" bw="12" slack="0"/>
</pin_list>
<bind>
<opcode="add(8) " fcode="add"/>
<opset="result_addr2/3 "/>
</bind>
</comp>

<comp id="253" class="1004" name="result_addr2_cast_fu_253">
<pin_list>
<pin id="254" dir="0" index="0" bw="12" slack="0"/>
<pin id="255" dir="1" index="1" bw="32" slack="0"/>
</pin_list>
<bind>
<opcode="sext(35) " fcode="sext"/>
<opset="result_addr2_cast/3 "/>
</bind>
</comp>

<comp id="257" class="1004" name="tmp_11_fu_257">
<pin_list>
<pin id="258" dir="0" index="0" bw="12" slack="0"/>
<pin id="259" dir="1" index="1" bw="64" slack="0"/>
</pin_list>
<bind>
<opcode="zext(34) " fcode="zext"/>
<opset="tmp_11/3 "/>
</bind>
</comp>

<comp id="262" class="1004" name="tmp_2_fu_262">
<pin_list>
<pin id="263" dir="0" index="0" bw="4" slack="0"/>
<pin id="264" dir="0" index="1" bw="11" slack="1"/>
<pin id="265" dir="1" index="2" bw="11" slack="1"/>
</pin_list>
<bind>
<opcode="add(8) " fcode="add"/>
<opset="tmp_2/3 "/>
</bind>
</comp>

<comp id="267" class="1004" name="tmp_2_cast_fu_267">
<pin_list>
<pin id="268" dir="0" index="0" bw="11" slack="1"/>
<pin id="269" dir="1" index="1" bw="32" slack="0"/>
</pin_list>
<bind>
<opcode="sext(35) " fcode="sext"/>
<opset="tmp_2_cast/4 "/>
</bind>
</comp>

<comp id="270" class="1004" name="tmp_3_fu_270">
<pin_list>
<pin id="271" dir="0" index="0" bw="11" slack="0"/>
<pin id="272" dir="1" index="1" bw="64" slack="0"/>
</pin_list>
<bind>
<opcode="zext(34) " fcode="zext"/>
<opset="tmp_3/4 "/>
</bind>
</comp>

<comp id="275" class="1004" name="guess_cast1_fu_275">
<pin_list>
<pin id="276" dir="0" index="0" bw="3" slack="0"/>
<pin id="277" dir="1" index="1" bw="32" slack="3"/>
</pin_list>
<bind>
<opcode="zext(34) " fcode="zext"/>
<opset="guess_cast1/6 "/>
</bind>
</comp>

<comp id="279" class="1004" name="exitcond_i_fu_279">
<pin_list>
<pin id="280" dir="0" index="0" bw="3" slack="0"/>
<pin id="281" dir="0" index="1" bw="3" slack="0"/>
<pin id="282" dir="1" index="2" bw="1" slack="2147483647"/>
</pin_list>
<bind>
<opcode="icmp(45) " fcode="icmp"/>
<opset="exitcond_i/6 "/>
</bind>
</comp>

<comp id="285" class="1004" name="j_2_fu_285">
<pin_list>
<pin id="286" dir="0" index="0" bw="3" slack="0"/>
<pin id="287" dir="0" index="1" bw="1" slack="0"/>
<pin id="288" dir="1" index="2" bw="3" slack="0"/>
</pin_list>
<bind>
<opcode="add(8) " fcode="add"/>
<opset="j_2/6 "/>
</bind>
</comp>

<comp id="291" class="1004" name="tmp_i_fu_291">
<pin_list>
<pin id="292" dir="0" index="0" bw="3" slack="0"/>
<pin id="293" dir="1" index="1" bw="64" slack="0"/>
</pin_list>
<bind>
<opcode="zext(34) " fcode="zext"/>
<opset="tmp_i/6 "/>
</bind>
</comp>

<comp id="296" class="1004" name="max_to_int_fu_296">
<pin_list>
<pin id="297" dir="0" index="0" bw="32" slack="2"/>
<pin id="298" dir="1" index="1" bw="32" slack="0"/>
</pin_list>
<bind>
<opcode="bitcast(44) " fcode="bitcast"/>
<opset="max_to_int/9 "/>
</bind>
</comp>

<comp id="299" class="1004" name="tmp_fu_299">
<pin_list>
<pin id="300" dir="0" index="0" bw="8" slack="0"/>
<pin id="301" dir="0" index="1" bw="32" slack="0"/>
<pin id="302" dir="0" index="2" bw="6" slack="0"/>
<pin id="303" dir="0" index="3" bw="6" slack="0"/>
<pin id="304" dir="1" index="4" bw="8" slack="0"/>
</pin_list>
<bind>
<opcode="partselect(1002) " fcode="partselect"/>
<opset="tmp/9 "/>
</bind>
</comp>

<comp id="309" class="1004" name="tmp_1_fu_309">
<pin_list>
<pin id="310" dir="0" index="0" bw="32" slack="0"/>
<pin id="311" dir="1" index="1" bw="23" slack="0"/>
</pin_list>
<bind>
<opcode="trunc(33) " fcode="trunc"/>
<opset="tmp_1/9 "/>
</bind>
</comp>

<comp id="313" class="1004" name="second_max_to_int_fu_313">
<pin_list>
<pin id="314" dir="0" index="0" bw="32" slack="3"/>
<pin id="315" dir="1" index="1" bw="32" slack="0"/>
</pin_list>
<bind>
<opcode="bitcast(44) " fcode="bitcast"/>
<opset="second_max_to_int/9 "/>
</bind>
</comp>

<comp id="317" class="1004" name="tmp_5_fu_317">
<pin_list>
<pin id="318" dir="0" index="0" bw="8" slack="0"/>
<pin id="319" dir="0" index="1" bw="32" slack="0"/>
<pin id="320" dir="0" index="2" bw="6" slack="0"/>
<pin id="321" dir="0" index="3" bw="6" slack="0"/>
<pin id="322" dir="1" index="4" bw="8" slack="0"/>
</pin_list>
<bind>
<opcode="partselect(1002) " fcode="partselect"/>
<opset="tmp_5/9 "/>
</bind>
</comp>

<comp id="327" class="1004" name="tmp_4_fu_327">
<pin_list>
<pin id="328" dir="0" index="0" bw="32" slack="0"/>
<pin id="329" dir="1" index="1" bw="23" slack="0"/>
</pin_list>
<bind>
<opcode="trunc(33) " fcode="trunc"/>
<opset="tmp_4/9 "/>
</bind>
</comp>

<comp id="331" class="1004" name="notlhs_fu_331">
<pin_list>
<pin id="332" dir="0" index="0" bw="8" slack="0"/>
<pin id="333" dir="0" index="1" bw="1" slack="0"/>
<pin id="334" dir="1" index="2" bw="1" slack="0"/>
</pin_list>
<bind>
<opcode="icmp(45) " fcode="icmp"/>
<opset="notlhs/9 "/>
</bind>
</comp>

<comp id="337" class="1004" name="notrhs_fu_337">
<pin_list>
<pin id="338" dir="0" index="0" bw="23" slack="0"/>
<pin id="339" dir="0" index="1" bw="1" slack="0"/>
<pin id="340" dir="1" index="2" bw="1" slack="0"/>
</pin_list>
<bind>
<opcode="icmp(45) " fcode="icmp"/>
<opset="notrhs/9 "/>
</bind>
</comp>

<comp id="343" class="1004" name="tmp_7_fu_343">
<pin_list>
<pin id="344" dir="0" index="0" bw="1" slack="0"/>
<pin id="345" dir="0" index="1" bw="1" slack="0"/>
<pin id="346" dir="1" index="2" bw="1" slack="0"/>
</pin_list>
<bind>
<opcode="or(24) " fcode="or"/>
<opset="tmp_7/9 "/>
</bind>
</comp>

<comp id="349" class="1004" name="notlhs6_fu_349">
<pin_list>
<pin id="350" dir="0" index="0" bw="8" slack="0"/>
<pin id="351" dir="0" index="1" bw="1" slack="0"/>
<pin id="352" dir="1" index="2" bw="1" slack="0"/>
</pin_list>
<bind>
<opcode="icmp(45) " fcode="icmp"/>
<opset="notlhs6/9 "/>
</bind>
</comp>

<comp id="355" class="1004" name="notrhs7_fu_355">
<pin_list>
<pin id="356" dir="0" index="0" bw="23" slack="0"/>
<pin id="357" dir="0" index="1" bw="1" slack="0"/>
<pin id="358" dir="1" index="2" bw="1" slack="0"/>
</pin_list>
<bind>
<opcode="icmp(45) " fcode="icmp"/>
<opset="notrhs7/9 "/>
</bind>
</comp>

<comp id="361" class="1004" name="tmp_8_fu_361">
<pin_list>
<pin id="362" dir="0" index="0" bw="1" slack="0"/>
<pin id="363" dir="0" index="1" bw="1" slack="0"/>
<pin id="364" dir="1" index="2" bw="1" slack="0"/>
</pin_list>
<bind>
<opcode="or(24) " fcode="or"/>
<opset="tmp_8/9 "/>
</bind>
</comp>

<comp id="367" class="1004" name="tmp_s_fu_367">
<pin_list>
<pin id="368" dir="0" index="0" bw="1" slack="0"/>
<pin id="369" dir="0" index="1" bw="1" slack="0"/>
<pin id="370" dir="1" index="2" bw="1" slack="0"/>
</pin_list>
<bind>
<opcode="and(23) " fcode="and"/>
<opset="tmp_s/9 "/>
</bind>
</comp>

<comp id="373" class="1004" name="tmp_10_fu_373">
<pin_list>
<pin id="374" dir="0" index="0" bw="1" slack="0"/>
<pin id="375" dir="0" index="1" bw="1" slack="1"/>
<pin id="376" dir="1" index="2" bw="1" slack="0"/>
</pin_list>
<bind>
<opcode="and(23) " fcode="and"/>
<opset="tmp_10/9 "/>
</bind>
</comp>

<comp id="378" class="1004" name="guess_1_fu_378">
<pin_list>
<pin id="379" dir="0" index="0" bw="1" slack="0"/>
<pin id="380" dir="0" index="1" bw="3" slack="3"/>
<pin id="381" dir="0" index="2" bw="32" slack="3"/>
<pin id="382" dir="1" index="3" bw="32" slack="1"/>
</pin_list>
<bind>
<opcode="select(49) " fcode="select"/>
<opset="guess_1/9 "/>
</bind>
</comp>

<comp id="385" class="1004" name="max_1_fu_385">
<pin_list>
<pin id="386" dir="0" index="0" bw="1" slack="0"/>
<pin id="387" dir="0" index="1" bw="32" slack="2"/>
<pin id="388" dir="0" index="2" bw="32" slack="3"/>
<pin id="389" dir="1" index="3" bw="32" slack="1"/>
</pin_list>
<bind>
<opcode="select(49) " fcode="select"/>
<opset="max_1/9 "/>
</bind>
</comp>

<comp id="395" class="1005" name="i_2_reg_395">
<pin_list>
<pin id="396" dir="0" index="0" bw="6" slack="0"/>
<pin id="397" dir="1" index="1" bw="6" slack="0"/>
</pin_list>
<bind>
<opset="i_2 "/>
</bind>
</comp>

<comp id="400" class="1005" name="tmp_9_reg_400">
<pin_list>
<pin id="401" dir="0" index="0" bw="11" slack="1"/>
<pin id="402" dir="1" index="1" bw="11" slack="1"/>
</pin_list>
<bind>
<opset="tmp_9 "/>
</bind>
</comp>

<comp id="405" class="1005" name="result_addr1_cast_reg_405">
<pin_list>
<pin id="406" dir="0" index="0" bw="12" slack="1"/>
<pin id="407" dir="1" index="1" bw="12" slack="1"/>
</pin_list>
<bind>
<opset="result_addr1_cast "/>
</bind>
</comp>

<comp id="413" class="1005" name="j_1_reg_413">
<pin_list>
<pin id="414" dir="0" index="0" bw="4" slack="0"/>
<pin id="415" dir="1" index="1" bw="4" slack="0"/>
</pin_list>
<bind>
<opset="j_1 "/>
</bind>
</comp>

<comp id="418" class="1005" name="result_addr_reg_418">
<pin_list>
<pin id="419" dir="0" index="0" bw="10" slack="1"/>
<pin id="420" dir="1" index="1" bw="10" slack="1"/>
</pin_list>
<bind>
<opset="result_addr "/>
</bind>
</comp>

<comp id="423" class="1005" name="tmp_2_reg_423">
<pin_list>
<pin id="424" dir="0" index="0" bw="11" slack="1"/>
<pin id="425" dir="1" index="1" bw="11" slack="1"/>
</pin_list>
<bind>
<opset="tmp_2 "/>
</bind>
</comp>

<comp id="428" class="1005" name="guess_cast1_reg_428">
<pin_list>
<pin id="429" dir="0" index="0" bw="32" slack="3"/>
<pin id="430" dir="1" index="1" bw="32" slack="3"/>
</pin_list>
<bind>
<opset="guess_cast1 "/>
</bind>
</comp>

<comp id="436" class="1005" name="j_2_reg_436">
<pin_list>
<pin id="437" dir="0" index="0" bw="3" slack="0"/>
<pin id="438" dir="1" index="1" bw="3" slack="0"/>
</pin_list>
<bind>
<opset="j_2 "/>
</bind>
</comp>

<comp id="441" class="1005" name="output_addr_reg_441">
<pin_list>
<pin id="442" dir="0" index="0" bw="2" slack="1"/>
<pin id="443" dir="1" index="1" bw="2" slack="1"/>
</pin_list>
<bind>
<opset="output_addr "/>
</bind>
</comp>

<comp id="446" class="1005" name="max_reg_446">
<pin_list>
<pin id="447" dir="0" index="0" bw="32" slack="1"/>
<pin id="448" dir="1" index="1" bw="32" slack="1"/>
</pin_list>
<bind>
<opset="max "/>
</bind>
</comp>

<comp id="453" class="1005" name="tmp_6_reg_453">
<pin_list>
<pin id="454" dir="0" index="0" bw="1" slack="1"/>
<pin id="455" dir="1" index="1" bw="1" slack="1"/>
</pin_list>
<bind>
<opset="tmp_6 "/>
</bind>
</comp>

<comp id="458" class="1005" name="guess_1_reg_458">
<pin_list>
<pin id="459" dir="0" index="0" bw="32" slack="1"/>
<pin id="460" dir="1" index="1" bw="32" slack="1"/>
</pin_list>
<bind>
<opset="guess_1 "/>
</bind>
</comp>

<comp id="463" class="1005" name="max_1_reg_463">
<pin_list>
<pin id="464" dir="0" index="0" bw="32" slack="1"/>
<pin id="465" dir="1" index="1" bw="32" slack="1"/>
</pin_list>
<bind>
<opset="max_1 "/>
</bind>
</comp>

</comp_list>

<net_list>
<net id="67"><net_src comp="12" pin="0"/><net_sink comp="64" pin=0"/></net>

<net id="73"><net_src comp="0" pin="0"/><net_sink comp="68" pin=0"/></net>

<net id="74"><net_src comp="40" pin="0"/><net_sink comp="68" pin=1"/></net>

<net id="79"><net_src comp="68" pin="3"/><net_sink comp="75" pin=0"/></net>

<net id="85"><net_src comp="40" pin="0"/><net_sink comp="80" pin=1"/></net>

<net id="90"><net_src comp="75" pin="2"/><net_sink comp="86" pin=1"/></net>

<net id="91"><net_src comp="80" pin="3"/><net_sink comp="86" pin=0"/></net>

<net id="97"><net_src comp="8" pin="0"/><net_sink comp="92" pin=0"/></net>

<net id="98"><net_src comp="40" pin="0"/><net_sink comp="92" pin=1"/></net>

<net id="103"><net_src comp="92" pin="3"/><net_sink comp="99" pin=0"/></net>

<net id="107"><net_src comp="14" pin="0"/><net_sink comp="104" pin=0"/></net>

<net id="114"><net_src comp="104" pin="1"/><net_sink comp="108" pin=0"/></net>

<net id="118"><net_src comp="26" pin="0"/><net_sink comp="115" pin=0"/></net>

<net id="125"><net_src comp="115" pin="1"/><net_sink comp="119" pin=2"/></net>

<net id="129"><net_src comp="42" pin="0"/><net_sink comp="126" pin=0"/></net>

<net id="136"><net_src comp="126" pin="1"/><net_sink comp="130" pin=0"/></net>

<net id="140"><net_src comp="44" pin="0"/><net_sink comp="137" pin=0"/></net>

<net id="147"><net_src comp="137" pin="1"/><net_sink comp="141" pin=0"/></net>

<net id="148"><net_src comp="141" pin="4"/><net_sink comp="137" pin=0"/></net>

<net id="152"><net_src comp="46" pin="0"/><net_sink comp="149" pin=0"/></net>

<net id="159"><net_src comp="149" pin="1"/><net_sink comp="153" pin=0"/></net>

<net id="160"><net_src comp="153" pin="4"/><net_sink comp="149" pin=0"/></net>

<net id="171"><net_src comp="32" pin="0"/><net_sink comp="162" pin=0"/></net>

<net id="172"><net_src comp="2" pin="0"/><net_sink comp="162" pin=2"/></net>

<net id="173"><net_src comp="4" pin="0"/><net_sink comp="162" pin=3"/></net>

<net id="174"><net_src comp="6" pin="0"/><net_sink comp="162" pin=4"/></net>

<net id="175"><net_src comp="8" pin="0"/><net_sink comp="162" pin=5"/></net>

<net id="176"><net_src comp="10" pin="0"/><net_sink comp="162" pin=6"/></net>

<net id="181"><net_src comp="149" pin="1"/><net_sink comp="177" pin=1"/></net>

<net id="186"><net_src comp="108" pin="4"/><net_sink comp="182" pin=0"/></net>

<net id="187"><net_src comp="16" pin="0"/><net_sink comp="182" pin=1"/></net>

<net id="192"><net_src comp="108" pin="4"/><net_sink comp="188" pin=0"/></net>

<net id="193"><net_src comp="22" pin="0"/><net_sink comp="188" pin=1"/></net>

<net id="199"><net_src comp="24" pin="0"/><net_sink comp="194" pin=0"/></net>

<net id="200"><net_src comp="108" pin="4"/><net_sink comp="194" pin=1"/></net>

<net id="201"><net_src comp="26" pin="0"/><net_sink comp="194" pin=2"/></net>

<net id="205"><net_src comp="194" pin="3"/><net_sink comp="202" pin=0"/></net>

<net id="211"><net_src comp="28" pin="0"/><net_sink comp="206" pin=0"/></net>

<net id="212"><net_src comp="108" pin="4"/><net_sink comp="206" pin=1"/></net>

<net id="213"><net_src comp="30" pin="0"/><net_sink comp="206" pin=2"/></net>

<net id="217"><net_src comp="206" pin="3"/><net_sink comp="214" pin=0"/></net>

<net id="222"><net_src comp="202" pin="1"/><net_sink comp="218" pin=0"/></net>

<net id="223"><net_src comp="214" pin="1"/><net_sink comp="218" pin=1"/></net>

<net id="227"><net_src comp="218" pin="2"/><net_sink comp="224" pin=0"/></net>

<net id="231"><net_src comp="119" pin="4"/><net_sink comp="228" pin=0"/></net>

<net id="236"><net_src comp="119" pin="4"/><net_sink comp="232" pin=0"/></net>

<net id="237"><net_src comp="34" pin="0"/><net_sink comp="232" pin=1"/></net>

<net id="242"><net_src comp="119" pin="4"/><net_sink comp="238" pin=0"/></net>

<net id="243"><net_src comp="38" pin="0"/><net_sink comp="238" pin=1"/></net>

<net id="247"><net_src comp="119" pin="4"/><net_sink comp="244" pin=0"/></net>

<net id="252"><net_src comp="244" pin="1"/><net_sink comp="248" pin=1"/></net>

<net id="256"><net_src comp="248" pin="2"/><net_sink comp="253" pin=0"/></net>

<net id="260"><net_src comp="253" pin="1"/><net_sink comp="257" pin=0"/></net>

<net id="261"><net_src comp="257" pin="1"/><net_sink comp="68" pin=2"/></net>

<net id="266"><net_src comp="228" pin="1"/><net_sink comp="262" pin=0"/></net>

<net id="273"><net_src comp="267" pin="1"/><net_sink comp="270" pin=0"/></net>

<net id="274"><net_src comp="270" pin="1"/><net_sink comp="80" pin=2"/></net>

<net id="278"><net_src comp="130" pin="4"/><net_sink comp="275" pin=0"/></net>

<net id="283"><net_src comp="130" pin="4"/><net_sink comp="279" pin=0"/></net>

<net id="284"><net_src comp="48" pin="0"/><net_sink comp="279" pin=1"/></net>

<net id="289"><net_src comp="130" pin="4"/><net_sink comp="285" pin=0"/></net>

<net id="290"><net_src comp="52" pin="0"/><net_sink comp="285" pin=1"/></net>

<net id="294"><net_src comp="130" pin="4"/><net_sink comp="291" pin=0"/></net>

<net id="295"><net_src comp="291" pin="1"/><net_sink comp="92" pin=2"/></net>

<net id="305"><net_src comp="54" pin="0"/><net_sink comp="299" pin=0"/></net>

<net id="306"><net_src comp="296" pin="1"/><net_sink comp="299" pin=1"/></net>

<net id="307"><net_src comp="56" pin="0"/><net_sink comp="299" pin=2"/></net>

<net id="308"><net_src comp="58" pin="0"/><net_sink comp="299" pin=3"/></net>

<net id="312"><net_src comp="296" pin="1"/><net_sink comp="309" pin=0"/></net>

<net id="316"><net_src comp="149" pin="1"/><net_sink comp="313" pin=0"/></net>

<net id="323"><net_src comp="54" pin="0"/><net_sink comp="317" pin=0"/></net>

<net id="324"><net_src comp="313" pin="1"/><net_sink comp="317" pin=1"/></net>

<net id="325"><net_src comp="56" pin="0"/><net_sink comp="317" pin=2"/></net>

<net id="326"><net_src comp="58" pin="0"/><net_sink comp="317" pin=3"/></net>

<net id="330"><net_src comp="313" pin="1"/><net_sink comp="327" pin=0"/></net>

<net id="335"><net_src comp="299" pin="4"/><net_sink comp="331" pin=0"/></net>

<net id="336"><net_src comp="60" pin="0"/><net_sink comp="331" pin=1"/></net>

<net id="341"><net_src comp="309" pin="1"/><net_sink comp="337" pin=0"/></net>

<net id="342"><net_src comp="62" pin="0"/><net_sink comp="337" pin=1"/></net>

<net id="347"><net_src comp="337" pin="2"/><net_sink comp="343" pin=0"/></net>

<net id="348"><net_src comp="331" pin="2"/><net_sink comp="343" pin=1"/></net>

<net id="353"><net_src comp="317" pin="4"/><net_sink comp="349" pin=0"/></net>

<net id="354"><net_src comp="60" pin="0"/><net_sink comp="349" pin=1"/></net>

<net id="359"><net_src comp="327" pin="1"/><net_sink comp="355" pin=0"/></net>

<net id="360"><net_src comp="62" pin="0"/><net_sink comp="355" pin=1"/></net>

<net id="365"><net_src comp="355" pin="2"/><net_sink comp="361" pin=0"/></net>

<net id="366"><net_src comp="349" pin="2"/><net_sink comp="361" pin=1"/></net>

<net id="371"><net_src comp="343" pin="2"/><net_sink comp="367" pin=0"/></net>

<net id="372"><net_src comp="361" pin="2"/><net_sink comp="367" pin=1"/></net>

<net id="377"><net_src comp="367" pin="2"/><net_sink comp="373" pin=0"/></net>

<net id="383"><net_src comp="373" pin="2"/><net_sink comp="378" pin=0"/></net>

<net id="384"><net_src comp="137" pin="1"/><net_sink comp="378" pin=2"/></net>

<net id="390"><net_src comp="373" pin="2"/><net_sink comp="385" pin=0"/></net>

<net id="391"><net_src comp="149" pin="1"/><net_sink comp="385" pin=2"/></net>

<net id="398"><net_src comp="188" pin="2"/><net_sink comp="395" pin=0"/></net>

<net id="399"><net_src comp="395" pin="1"/><net_sink comp="108" pin=2"/></net>

<net id="403"><net_src comp="218" pin="2"/><net_sink comp="400" pin=0"/></net>

<net id="404"><net_src comp="400" pin="1"/><net_sink comp="262" pin=1"/></net>

<net id="408"><net_src comp="224" pin="1"/><net_sink comp="405" pin=0"/></net>

<net id="409"><net_src comp="405" pin="1"/><net_sink comp="248" pin=0"/></net>

<net id="416"><net_src comp="238" pin="2"/><net_sink comp="413" pin=0"/></net>

<net id="417"><net_src comp="413" pin="1"/><net_sink comp="119" pin=0"/></net>

<net id="421"><net_src comp="68" pin="3"/><net_sink comp="418" pin=0"/></net>

<net id="422"><net_src comp="418" pin="1"/><net_sink comp="75" pin=0"/></net>

<net id="426"><net_src comp="262" pin="2"/><net_sink comp="423" pin=0"/></net>

<net id="427"><net_src comp="423" pin="1"/><net_sink comp="267" pin=0"/></net>

<net id="431"><net_src comp="275" pin="1"/><net_sink comp="428" pin=0"/></net>

<net id="432"><net_src comp="428" pin="1"/><net_sink comp="378" pin=1"/></net>

<net id="439"><net_src comp="285" pin="2"/><net_sink comp="436" pin=0"/></net>

<net id="440"><net_src comp="436" pin="1"/><net_sink comp="130" pin=2"/></net>

<net id="444"><net_src comp="92" pin="3"/><net_sink comp="441" pin=0"/></net>

<net id="445"><net_src comp="441" pin="1"/><net_sink comp="99" pin=0"/></net>

<net id="449"><net_src comp="99" pin="2"/><net_sink comp="446" pin=0"/></net>

<net id="450"><net_src comp="446" pin="1"/><net_sink comp="177" pin=0"/></net>

<net id="451"><net_src comp="446" pin="1"/><net_sink comp="296" pin=0"/></net>

<net id="452"><net_src comp="446" pin="1"/><net_sink comp="385" pin=1"/></net>

<net id="456"><net_src comp="177" pin="2"/><net_sink comp="453" pin=0"/></net>

<net id="457"><net_src comp="453" pin="1"/><net_sink comp="373" pin=1"/></net>

<net id="461"><net_src comp="378" pin="3"/><net_sink comp="458" pin=0"/></net>

<net id="462"><net_src comp="458" pin="1"/><net_sink comp="141" pin=2"/></net>

<net id="466"><net_src comp="385" pin="3"/><net_sink comp="463" pin=0"/></net>

<net id="467"><net_src comp="463" pin="1"/><net_sink comp="153" pin=2"/></net>

</net_list>

</model> 
---------------- Datapath Model END ------------------

* FSMD analyzer results:
  - Output states:
  - Chain level:
	State 1
	State 2
		exitcond1 : 1
		i_2 : 1
		stg_16 : 2
		p_shl : 1
		p_shl_cast : 2
		p_shl2 : 1
		p_shl2_cast : 2
		tmp_9 : 3
		result_addr1_cast : 4
	State 3
		j_cast3 : 1
		exitcond : 1
		j_1 : 1
		stg_30 : 2
		tmp_1_trn_cast : 1
		result_addr2 : 2
		result_addr2_cast : 3
		tmp_11 : 4
		result_addr : 5
		result_load : 6
		tmp_2 : 2
	State 4
		tmp_3 : 1
		flatInput_addr : 2
		stg_42 : 3
	State 5
	State 6
		guess_cast1 : 1
		exitcond_i : 1
		j_2 : 1
		stg_53 : 2
		tmp_i : 1
		output_addr : 2
		max : 3
		stg_57 : 1
	State 7
	State 8
	State 9
		tmp : 1
		tmp_1 : 1
		tmp_5 : 1
		tmp_4 : 1
		notlhs : 2
		notrhs : 2
		tmp_7 : 3
		notlhs6 : 2
		notrhs7 : 2
		tmp_8 : 3
		tmp_s : 3
		tmp_10 : 3
		guess_1 : 3
		max_1 : 3


============================================================
+ Verbose Summary: Datapath Resource usage 
============================================================

* Functional unit list:
|----------|---------------------------------|---------|---------|---------|---------|
| Operation|         Functional Unit         |  DSP48E |  Delay  |    FF   |   LUT   |
|----------|---------------------------------|---------|---------|---------|---------|
|   call   | grp_voicerec_feedForward_fu_162 |    34   |  21.994 |   6562  |   9030  |
|----------|---------------------------------|---------|---------|---------|---------|
|   fcmp   |           tmp_6_fu_177          |    0    |    0    |    66   |   239   |
|----------|---------------------------------|---------|---------|---------|---------|
|          |         exitcond1_fu_182        |    0    |    0    |    0    |    6    |
|          |         exitcond_fu_232         |    0    |    0    |    0    |    4    |
|          |        exitcond_i_fu_279        |    0    |    0    |    0    |    3    |
|   icmp   |          notlhs_fu_331          |    0    |    0    |    0    |    8    |
|          |          notrhs_fu_337          |    0    |    0    |    0    |    29   |
|          |          notlhs6_fu_349         |    0    |    0    |    0    |    8    |
|          |          notrhs7_fu_355         |    0    |    0    |    0    |    29   |
|----------|---------------------------------|---------|---------|---------|---------|
|  select  |          guess_1_fu_378         |    0    |    0    |    0    |    32   |
|          |           max_1_fu_385          |    0    |    0    |    0    |    32   |
|----------|---------------------------------|---------|---------|---------|---------|
|          |            i_2_fu_188           |    0    |    0    |    0    |    6    |
|          |            j_1_fu_238           |    0    |    0    |    0    |    4    |
|    add   |       result_addr2_fu_248       |    0    |    0    |    0    |    11   |
|          |           tmp_2_fu_262          |    0    |    0    |    0    |    11   |
|          |            j_2_fu_285           |    0    |    0    |    0    |    3    |
|----------|---------------------------------|---------|---------|---------|---------|
|    sub   |           tmp_9_fu_218          |    0    |    0    |    0    |    10   |
|----------|---------------------------------|---------|---------|---------|---------|
|    or    |           tmp_7_fu_343          |    0    |    0    |    0    |    1    |
|          |           tmp_8_fu_361          |    0    |    0    |    0    |    1    |
|----------|---------------------------------|---------|---------|---------|---------|
|    and   |           tmp_s_fu_367          |    0    |    0    |    0    |    1    |
|          |          tmp_10_fu_373          |    0    |    0    |    0    |    1    |
|----------|---------------------------------|---------|---------|---------|---------|
|bitconcatenate|           p_shl_fu_194          |    0    |    0    |    0    |    0    |
|          |          p_shl2_fu_206          |    0    |    0    |    0    |    0    |
|----------|---------------------------------|---------|---------|---------|---------|
|          |        p_shl_cast_fu_202        |    0    |    0    |    0    |    0    |
|          |        p_shl2_cast_fu_214       |    0    |    0    |    0    |    0    |
|          |          j_cast3_fu_228         |    0    |    0    |    0    |    0    |
|   zext   |      tmp_1_trn_cast_fu_244      |    0    |    0    |    0    |    0    |
|          |          tmp_11_fu_257          |    0    |    0    |    0    |    0    |
|          |           tmp_3_fu_270          |    0    |    0    |    0    |    0    |
|          |        guess_cast1_fu_275       |    0    |    0    |    0    |    0    |
|          |           tmp_i_fu_291          |    0    |    0    |    0    |    0    |
|----------|---------------------------------|---------|---------|---------|---------|
|          |     result_addr1_cast_fu_224    |    0    |    0    |    0    |    0    |
|   sext   |     result_addr2_cast_fu_253    |    0    |    0    |    0    |    0    |
|          |        tmp_2_cast_fu_267        |    0    |    0    |    0    |    0    |
|----------|---------------------------------|---------|---------|---------|---------|
|partselect|            tmp_fu_299           |    0    |    0    |    0    |    0    |
|          |           tmp_5_fu_317          |    0    |    0    |    0    |    0    |
|----------|---------------------------------|---------|---------|---------|---------|
|   trunc  |           tmp_1_fu_309          |    0    |    0    |    0    |    0    |
|          |           tmp_4_fu_327          |    0    |    0    |    0    |    0    |
|----------|---------------------------------|---------|---------|---------|---------|
|   Total  |                                 |    34   |  21.994 |   6628  |   9469  |
|----------|---------------------------------|---------|---------|---------|---------|

Memories:
+---------+--------+--------+--------+
|         |  BRAM  |   FF   |   LUT  |
+---------+--------+--------+--------+
|flatInput|    2   |    0   |    0   |
+---------+--------+--------+--------+
|  Total  |    2   |    0   |    0   |
+---------+--------+--------+--------+

* Register list:
+-------------------------+--------+
|                         |   FF   |
+-------------------------+--------+
|     guess_1_reg_458     |   32   |
|   guess_cast1_reg_428   |   32   |
|     guess_i_reg_137     |   32   |
|      guess_reg_126      |    3   |
|       i_2_reg_395       |    6   |
|        i_reg_104        |    6   |
|       j_1_reg_413       |    4   |
|       j_2_reg_436       |    3   |
|        j_reg_115        |    4   |
|      max_1_reg_463      |   32   |
|       max_reg_446       |   32   |
|   output_addr_reg_441   |    2   |
|result_addr1_cast_reg_405|   12   |
|   result_addr_reg_418   |   10   |
|    second_max_reg_149   |   32   |
|      tmp_2_reg_423      |   11   |
|      tmp_6_reg_453      |    1   |
|      tmp_9_reg_400      |   11   |
+-------------------------+--------+
|          Total          |   265  |
+-------------------------+--------+

* Multiplexer (MUX) list: 
|--------------------|------|------|------|--------||---------||---------|
|        Comp        |  Pin | Size |  BW  | S x BW ||  Delay  ||   LUT   |
|--------------------|------|------|------|--------||---------||---------|
|  grp_access_fu_75  |  p0  |   2  |  10  |   20   ||    10   |
|  grp_access_fu_99  |  p0  |   2  |   2  |    4   ||    2    |
|   guess_i_reg_137  |  p0  |   2  |  32  |   64   ||    32   |
| second_max_reg_149 |  p0  |   2  |  32  |   64   ||    32   |
|--------------------|------|------|------|--------||---------||---------|
|        Total       |      |      |      |   152  ||  6.284  ||    76   |
|--------------------|------|------|------|--------||---------||---------|



* Summary:
+-----------+--------+--------+--------+--------+--------+
|           |  BRAM  | DSP48E |  Delay |   FF   |   LUT  |
+-----------+--------+--------+--------+--------+--------+
|  Function |    -   |   34   |   21   |  6628  |  9469  |
|   Memory  |    2   |    -   |    -   |    0   |    0   |
|Multiplexer|    -   |    -   |    6   |    -   |   76   |
|  Register |    -   |    -   |    -   |   265  |    -   |
+-----------+--------+--------+--------+--------+--------+
|   Total   |    2   |   34   |   28   |  6893  |  9545  |
+-----------+--------+--------+--------+--------+--------+
