

================================================================
== Vivado HLS Report for 'voicerec'
================================================================
* Date:           Sat Dec 12 03:01:12 2015

* Version:        2014.4 (Build 1071461 on Tue Nov 18 16:42:57 PM 2014)
* Project:        voicerec.prj
* Solution:       solution1
* Product family: zynq
* Target device:  xc7z020clg484-1


================================================================
== Performance Estimates
================================================================
+ Timing (ns): 
    * Summary: 
    +---------+-------+----------+------------+
    |  Clock  | Target| Estimated| Uncertainty|
    +---------+-------+----------+------------+
    |default  |  10.00|      8.62|        1.25|
    +---------+-------+----------+------------+

+ Latency (clock cycles): 
    * Summary: 
    +-----+-----------+-----+-----------+---------+
    |     Latency     |     Interval    | Pipeline|
    | min |    max    | min |    max    |   Type  |
    +-----+-----------+-----+-----------+---------+
    |    1|  153688945|    2|  153688946|   none  |
    +-----+-----------+-----+-----------+---------+

    + Detail: 
        * Instance: 
        +-------------------------------------+--------------------------+--------+---------+--------+---------+---------+
        |                                     |                          |      Latency     |     Interval     | Pipeline|
        |               Instance              |          Module          |   min  |   max   |   min  |   max   |   Type  |
        +-------------------------------------+--------------------------+--------+---------+--------+---------+---------+
        |grp_voicerec_classifySound_fu_153    |voicerec_classifySound    |  249327|   249327|  249327|   249327|   none  |
        |grp_voicerec_processChunk_fu_170     |voicerec_processChunk     |   15742|  2511728|   15742|  2511728|   none  |
        |grp_voicerec_preprocessSound_fu_195  |voicerec_preprocessSound  |  160084|   224084|  160084|   224084|   none  |
        +-------------------------------------+--------------------------+--------+---------+--------+---------+---------+

        * Loop: 
        +----------+--------+-----------+-----------------+-----------+-----------+------+----------+
        |          |       Latency      |    Iteration    |  Initiation Interval  | Trip |          |
        | Loop Name|   min  |    max    |     Latency     |  achieved |   target  | Count| Pipelined|
        +----------+--------+-----------+-----------------+-----------+-----------+------+----------+
        |- Loop 1  |  960384|  153215530| 15744 ~ 2511730 |          -|          -|    61|    no    |
        +----------+--------+-----------+-----------------+-----------+-----------+------+----------+



================================================================
== Utilization Estimates
================================================================
* Summary: 
+-----------------+---------+-------+--------+-------+
|       Name      | BRAM_18K| DSP48E|   FF   |  LUT  |
+-----------------+---------+-------+--------+-------+
|Expression       |        -|      -|       0|     97|
|FIFO             |        -|      -|       -|      -|
|Instance         |       78|     69|   13399|  21118|
|Memory           |       50|      -|       0|      0|
|Multiplexer      |        -|      -|       -|    223|
|Register         |        -|      -|     144|      -|
+-----------------+---------+-------+--------+-------+
|Total            |      128|     69|   13543|  21438|
+-----------------+---------+-------+--------+-------+
|Available        |      280|    220|  106400|  53200|
+-----------------+---------+-------+--------+-------+
|Utilization (%)  |       45|     31|      12|     40|
+-----------------+---------+-------+--------+-------+

+ Detail: 
    * Instance: 
    +-------------------------------------+----------------------------+---------+-------+------+------+
    |               Instance              |           Module           | BRAM_18K| DSP48E|  FF  |  LUT |
    +-------------------------------------+----------------------------+---------+-------+------+------+
    |grp_voicerec_classifySound_fu_153    |voicerec_classifySound      |       69|     34|  6851|  9963|
    |grp_voicerec_preprocessSound_fu_195  |voicerec_preprocessSound    |        2|      0|  1083|  2460|
    |grp_voicerec_processChunk_fu_170     |voicerec_processChunk       |        7|     35|  5359|  8527|
    |voicerec_voicerec_io_s_axi_U         |voicerec_voicerec_io_s_axi  |        0|      0|   106|   168|
    +-------------------------------------+----------------------------+---------+-------+------+------+
    |Total                                |                            |       78|     69| 13399| 21118|
    +-------------------------------------+----------------------------+---------+-------+------+------+

    * Memory: 
    +------------+-------------------+---------+---+----+-------+-----+------+-------------+
    |   Memory   |       Module      | BRAM_18K| FF| LUT| Words | Bits| Banks| W*Bits*Banks|
    +------------+-------------------+---------+---+----+-------+-----+------+-------------+
    |inSound_U   |voicerec_inSound   |       32|  0|   0|  16000|   32|     1|       512000|
    |outSound_U  |voicerec_outSound  |       16|  0|   0|   8000|   32|     1|       256000|
    |result_U    |voicerec_result    |        2|  0|   0|    882|   32|     1|        28224|
    +------------+-------------------+---------+---+----+-------+-----+------+-------------+
    |Total       |                   |       50|  0|   0|  24882|   96|     3|       796224|
    +------------+-------------------+---------+---+----+-------+-----+------+-------------+

    * FIFO: 
    N/A

    * Expression: 
    +--------------------------------+----------+-------+---+----+------------+------------+
    |          Variable Name         | Operation| DSP48E| FF| LUT| Bitwidth P0| Bitwidth P1|
    +--------------------------------+----------+-------+---+----+------------+------------+
    |i_1_fu_239_p2                   |     +    |      0|  0|  13|          13|           8|
    |index_1_fu_233_p2               |     +    |      0|  0|   6|           6|           1|
    |sampleCounter_assign_fu_210_p2  |     +    |      0|  0|  32|          32|           1|
    |exitcond_fu_227_p2              |   icmp   |      0|  0|   6|           6|           3|
    |tmp_s_fu_221_p2                 |   icmp   |      0|  0|  40|          32|          14|
    +--------------------------------+----------+-------+---+----+------------+------------+
    |Total                           |          |      0|  0|  97|          89|          27|
    +--------------------------------+----------+-------+---+----+------------+------------+

    * Multiplexer: 
    +---------------------------------+----+-----------+-----+-----------+
    |               Name              | LUT| Input Size| Bits| Total Bits|
    +---------------------------------+----+-----------+-----+-----------+
    |ap_NS_fsm                        |   1|          7|    1|          7|
    |i_reg_107                        |  13|          2|   13|         26|
    |inSound_address0                 |  14|          3|   14|         42|
    |inSound_ce0                      |   1|          3|    1|          3|
    |inSound_d0                       |  32|          3|   32|         96|
    |inSound_we0                      |   1|          3|    1|          3|
    |index_reg_119                    |   6|          2|    6|         12|
    |outSound_address0                |  13|          3|   13|         39|
    |outSound_ce0                     |   1|          3|    1|          3|
    |outSound_we0                     |   1|          2|    1|          2|
    |p_0_phi_fu_145_p4                |  32|          2|   32|         64|
    |p_0_reg_141                      |  32|          2|   32|         64|
    |result_address0                  |  10|          3|   10|         30|
    |result_ce0                       |   1|          3|    1|          3|
    |result_we0                       |   1|          2|    1|          2|
    |sampleCounter_new_phi_fu_134_p4  |  32|          2|   32|         64|
    |sampleCounter_new_reg_131        |  32|          2|   32|         64|
    +---------------------------------+----+-----------+-----+-----------+
    |Total                            | 223|         47|  223|        524|
    +---------------------------------+----+-----------+-----+-----------+

    * Register: 
    +-----------------------------------------------------------+----+----+-----+-----------+
    |                            Name                           | FF | LUT| Bits| Const Bits|
    +-----------------------------------------------------------+----+----+-----+-----------+
    |ap_CS_fsm                                                  |   6|   0|    6|          0|
    |grp_voicerec_classifySound_fu_153_ap_start_ap_start_reg    |   1|   0|    1|          0|
    |grp_voicerec_preprocessSound_fu_195_ap_start_ap_start_reg  |   1|   0|    1|          0|
    |grp_voicerec_processChunk_fu_170_ap_start_ap_start_reg     |   1|   0|    1|          0|
    |i_1_reg_268                                                |  13|   0|   13|          0|
    |i_reg_107                                                  |  13|   0|   13|          0|
    |index_1_reg_263                                            |   6|   0|    6|          0|
    |index_reg_119                                              |   6|   0|    6|          0|
    |p_0_reg_141                                                |  32|   0|   32|          0|
    |sampleCounter                                              |  32|   0|   32|          0|
    |sampleCounter_new_reg_131                                  |  32|   0|   32|          0|
    |tmp_s_reg_256                                              |   1|   0|    1|          0|
    +-----------------------------------------------------------+----+----+-----+-----------+
    |Total                                                      | 144|   0|  144|          0|
    +-----------------------------------------------------------+----+----+-----+-----------+



================================================================
== Interface
================================================================
* Summary: 
+---------------------------+-----+-----+------------+--------------+--------------+
|         RTL Ports         | Dir | Bits|  Protocol  | Source Object|    C Type    |
+---------------------------+-----+-----+------------+--------------+--------------+
|s_axi_voicerec_io_AWVALID  |  in |    1|    s_axi   |  voicerec_io |    pointer   |
|s_axi_voicerec_io_AWREADY  | out |    1|    s_axi   |  voicerec_io |    pointer   |
|s_axi_voicerec_io_AWADDR   |  in |    6|    s_axi   |  voicerec_io |    pointer   |
|s_axi_voicerec_io_WVALID   |  in |    1|    s_axi   |  voicerec_io |    pointer   |
|s_axi_voicerec_io_WREADY   | out |    1|    s_axi   |  voicerec_io |    pointer   |
|s_axi_voicerec_io_WDATA    |  in |   32|    s_axi   |  voicerec_io |    pointer   |
|s_axi_voicerec_io_WSTRB    |  in |    4|    s_axi   |  voicerec_io |    pointer   |
|s_axi_voicerec_io_ARVALID  |  in |    1|    s_axi   |  voicerec_io |    pointer   |
|s_axi_voicerec_io_ARREADY  | out |    1|    s_axi   |  voicerec_io |    pointer   |
|s_axi_voicerec_io_ARADDR   |  in |    6|    s_axi   |  voicerec_io |    pointer   |
|s_axi_voicerec_io_RVALID   | out |    1|    s_axi   |  voicerec_io |    pointer   |
|s_axi_voicerec_io_RREADY   |  in |    1|    s_axi   |  voicerec_io |    pointer   |
|s_axi_voicerec_io_RDATA    | out |   32|    s_axi   |  voicerec_io |    pointer   |
|s_axi_voicerec_io_RRESP    | out |    2|    s_axi   |  voicerec_io |    pointer   |
|s_axi_voicerec_io_BVALID   | out |    1|    s_axi   |  voicerec_io |    pointer   |
|s_axi_voicerec_io_BREADY   |  in |    1|    s_axi   |  voicerec_io |    pointer   |
|s_axi_voicerec_io_BRESP    | out |    2|    s_axi   |  voicerec_io |    pointer   |
|ap_clk                     |  in |    1| ap_ctrl_hs |   voicerec   | return value |
|ap_rst_n                   |  in |    1| ap_ctrl_hs |   voicerec   | return value |
|interrupt                  | out |    1| ap_ctrl_hs |   voicerec   | return value |
+---------------------------+-----+-----+------------+--------------+--------------+

