

================================================================
== Vivado HLS Report for 'voicerec'
================================================================
* Date:           Wed Dec  9 22:20:27 2015

* Version:        2015.3 (Build 1244743 on Sun May 31 20:30:40 PM 2015)
* Project:        voicerec.prj
* Solution:       solution1
* Product family: zynq
* Target device:  xc7z020clg484-1


================================================================
== Performance Estimates
================================================================
+ Timing (ns): 
    * Summary: 
    +--------+-------+----------+------------+
    |  Clock | Target| Estimated| Uncertainty|
    +--------+-------+----------+------------+
    |ap_clk  |  10.00|      8.95|        1.25|
    +--------+-------+----------+------------+

+ Latency (clock cycles): 
    * Summary: 
    +---------+------------+---------+------------+---------+
    |        Latency       |       Interval       | Pipeline|
    |   min   |     max    |   min   |     max    |   Type  |
    +---------+------------+---------+------------+---------+
    |  1464539|  1714125033|  1464540|  1714125034|   none  |
    +---------+------------+---------+------------+---------+

    + Detail: 
        * Instance: 
        N/A

        * Loop: 
        +----------+---------+-----------+-----------------+-----------+-----------+------+----------+
        |          |       Latency       |    Iteration    |  Initiation Interval  | Trip |          |
        | Loop Name|   min   |    max    |     Latency     |  achieved |   target  | Count| Pipelined|
        +----------+---------+-----------+-----------------+-----------+-----------+------+----------+
        |- Loop 1  |  1149423|  177393917| 18843 ~ 2908097 |          -|          -|    61|    no    |
        +----------+---------+-----------+-----------------+-----------+-----------+------+----------+



================================================================
== Utilization Estimates
================================================================
* Summary: 
+-----------------+---------+-------+--------+-------+
|       Name      | BRAM_18K| DSP48E|   FF   |  LUT  |
+-----------------+---------+-------+--------+-------+
|Expression       |        -|      -|       -|      -|
|FIFO             |        -|      -|       -|      -|
|Instance         |        -|      -|       -|      -|
|Memory           |        -|      -|       -|      -|
|Multiplexer      |        -|      -|       -|      -|
|Register         |        -|      -|       -|      -|
+-----------------+---------+-------+--------+-------+
|Total            |        0|      0|       0|      0|
+-----------------+---------+-------+--------+-------+
|Available        |      280|    220|  106400|  53200|
+-----------------+---------+-------+--------+-------+
|Utilization (%)  |        0|      0|       0|      0|
+-----------------+---------+-------+--------+-------+

+ Detail: 
    * Instance: 
    N/A

    * Memory: 
    N/A

    * FIFO: 
    N/A

    * Expression: 
    N/A

    * Multiplexer: 
    N/A

    * Register: 
    N/A



================================================================
== Interface
================================================================
* Summary: 
+-----------------------------+-----+-----+---------+---------------+--------------+
|          RTL Ports          | Dir | Bits| Protocol| Source Object |    C Type    |
+-----------------------------+-----+-----+---------+---------------+--------------+
|s_axi_voicerec_ctrl_AWVALID  |  in |    1|  s_axi  | voicerec_ctrl | return value |
|s_axi_voicerec_ctrl_AWREADY  | out |    1|  s_axi  | voicerec_ctrl | return value |
|s_axi_voicerec_ctrl_AWADDR   |  in |    5|  s_axi  | voicerec_ctrl | return value |
|s_axi_voicerec_ctrl_WVALID   |  in |    1|  s_axi  | voicerec_ctrl | return value |
|s_axi_voicerec_ctrl_WREADY   | out |    1|  s_axi  | voicerec_ctrl | return value |
|s_axi_voicerec_ctrl_WDATA    |  in |   32|  s_axi  | voicerec_ctrl | return value |
|s_axi_voicerec_ctrl_WSTRB    |  in |    4|  s_axi  | voicerec_ctrl | return value |
|s_axi_voicerec_ctrl_ARVALID  |  in |    1|  s_axi  | voicerec_ctrl | return value |
|s_axi_voicerec_ctrl_ARREADY  | out |    1|  s_axi  | voicerec_ctrl | return value |
|s_axi_voicerec_ctrl_ARADDR   |  in |    5|  s_axi  | voicerec_ctrl | return value |
|s_axi_voicerec_ctrl_RVALID   | out |    1|  s_axi  | voicerec_ctrl | return value |
|s_axi_voicerec_ctrl_RREADY   |  in |    1|  s_axi  | voicerec_ctrl | return value |
|s_axi_voicerec_ctrl_RDATA    | out |   32|  s_axi  | voicerec_ctrl | return value |
|s_axi_voicerec_ctrl_RRESP    | out |    2|  s_axi  | voicerec_ctrl | return value |
|s_axi_voicerec_ctrl_BVALID   | out |    1|  s_axi  | voicerec_ctrl | return value |
|s_axi_voicerec_ctrl_BREADY   |  in |    1|  s_axi  | voicerec_ctrl | return value |
|s_axi_voicerec_ctrl_BRESP    | out |    2|  s_axi  | voicerec_ctrl | return value |
+-----------------------------+-----+-----+---------+---------------+--------------+

============================================================
+ Verbose Summary: Synthesis Manager
============================================================
InlineROM: 1
ExposeGlobal: 0
============================================================
+ Verbose Summary: CDFG Model
============================================================
IsTopModel: 1
ResetActiveHigh: 1
IsCombinational: 0
IsDatapathOnly: 0
HasWiredReturn: 1
HasMFsm: 0
HasVarLatency: 1
IsPipeline: 0
IsRtlPipelined: 0
IsInstanceOverlapped: 0
IsDontTouch: 0
HasImplIP: 0
IsGatedGlobalClock: 0


============================================================
+ Verbose Summary: Schedule
============================================================
* Number of FSM states: 5
* Pipeline: 0
* Dataflow Pipeline: 0

* FSM state transitions: 
1 --> 
	2  / true
2 --> 
	3  / true
3 --> 
	4  / (!exitcond1)
	5  / (exitcond1)
4 --> 
	3  / true
5 --> 
* FSM state operations: 

 <State 1>: 2.71ns
ST_1: outSound [1/1] 2.71ns
:3  %outSound = alloca [8000 x double], align 16

ST_1: stg_7 [2/2] 0.00ns
:7  call fastcc void @voicerec_preprocessSound(double* %voicerec_inSound, [8000 x double]* %outSound)


 <State 2>: 1.57ns
ST_2: stg_8 [1/1] 0.00ns
:0  call void (...)* @_ssdm_op_SpecBitsMap(double* %voicerec_inSound), !map !54

ST_2: stg_9 [1/1] 0.00ns
:1  call void (...)* @_ssdm_op_SpecBitsMap(i32 0) nounwind, !map !60

ST_2: stg_10 [1/1] 0.00ns
:2  call void (...)* @_ssdm_op_SpecTopModule([9 x i8]* @voicerec_str) nounwind

ST_2: stg_11 [1/1] 0.00ns
:4  call void (...)* @_ssdm_op_SpecInterface(double* %voicerec_inSound, [6 x i8]* @p_str3, i32 0, i32 0, i32 0, i32 0, [17 x i8]* @p_str14, [1 x i8]* @p_str25, [1 x i8]* @p_str25)

ST_2: stg_12 [1/1] 0.00ns
:5  call void (...)* @_ssdm_op_SpecInterface(i32 0, [10 x i8]* @p_str36, i32 0, i32 0, i32 0, i32 0, [14 x i8]* @p_str4, [1 x i8]* @p_str25, [1 x i8]* @p_str25) nounwind

ST_2: stg_13 [1/1] 0.00ns
:6  call void (...)* @_ssdm_op_SpecMemCore(double* %voicerec_inSound, [1 x i8]* @p_str25, [12 x i8]* @p_str5, [1 x i8]* @p_str25, i32 -1, [1 x i8]* @p_str25, [1 x i8]* @p_str25, [24 x i8]* @p_str6)

ST_2: stg_14 [1/2] 0.00ns
:7  call fastcc void @voicerec_preprocessSound(double* %voicerec_inSound, [8000 x double]* %outSound)

ST_2: stg_15 [1/1] 1.57ns
:8  br label %1


 <State 3>: 1.96ns
ST_3: i [1/1] 0.00ns
:0  %i = phi i13 [ 0, %0 ], [ %i_1, %2 ]

ST_3: index [1/1] 0.00ns
:1  %index = phi i6 [ 0, %0 ], [ %index_1, %2 ]

ST_3: exitcond1 [1/1] 1.94ns
:2  %exitcond1 = icmp eq i6 %index, -3

ST_3: empty [1/1] 0.00ns
:3  %empty = call i32 (...)* @_ssdm_op_SpecLoopTripCount(i64 61, i64 61, i64 61) nounwind

ST_3: index_1 [1/1] 1.72ns
:4  %index_1 = add i6 %index, 1

ST_3: stg_21 [1/1] 0.00ns
:5  br i1 %exitcond1, label %3, label %2

ST_3: stg_22 [2/2] 0.00ns
:0  call fastcc void @voicerec_processChunk(i13 %i, [882 x double]* nocapture @result, i6 %index, [8000 x double]* nocapture %outSound) nounwind

ST_3: i_1 [1/1] 1.96ns
:1  %i_1 = add i13 %i, 128

ST_3: classification [2/2] 0.00ns
:0  %classification = call fastcc i32 @voicerec_classifySound() nounwind


 <State 4>: 0.00ns
ST_4: stg_25 [1/2] 0.00ns
:0  call fastcc void @voicerec_processChunk(i13 %i, [882 x double]* nocapture @result, i6 %index, [8000 x double]* nocapture %outSound) nounwind

ST_4: stg_26 [1/1] 0.00ns
:2  br label %1


 <State 5>: 0.00ns
ST_5: classification [1/2] 0.00ns
:0  %classification = call fastcc i32 @voicerec_classifySound() nounwind

ST_5: stg_28 [1/1] 0.00ns
:1  ret i32 %classification



============================================================
+ Verbose Summary: Binding
============================================================
STG Binding: 
---------------- STG Properties BEGIN ----------------
- Is combinational: 0
- Is one-state seq: 0
- Is datapath-only: 0
- Is clock enabled: 0
- Is pipelined: 0
- Is top level: 1
Port [ Return ] is wired: 1; IO mode=ap_ctrl_hs:ce=0
Port [ voicerec_inSound]:  wired=1; compound=1; hidden=0; nouse=0; global=0; static=0; extern=0; dir=2; type=4; mode=0x7f49f4220be0; pingpong=0; private_global=0; IO mode=m_axi:ce=0
Port [ c]:  wired=0; compound=1; hidden=1; nouse=1; global=1; static=0; extern=0; dir=2; type=1; mode=0x7f4a150741e0; pingpong=0; private_global=0; linkage=0; visibility=0; MemPort=[22]; IO mode=ap_memory:ce=0
Port [ cosVec]:  wired=0; compound=1; hidden=1; nouse=1; global=1; static=1; extern=0; dir=0; type=1; mode=0x7f49fdaeefb0; pingpong=0; private_global=0; linkage=7; visibility=0; MemPort=[1]; IO mode=ap_memory:ce=0
Port [ sinVec]:  wired=0; compound=1; hidden=1; nouse=1; global=1; static=1; extern=0; dir=0; type=1; mode=0x7f49f80d5b30; pingpong=0; private_global=0; linkage=7; visibility=0; MemPort=[1]; IO mode=ap_memory:ce=0
Port [ d]:  wired=0; compound=1; hidden=1; nouse=1; global=1; static=0; extern=0; dir=2; type=1; mode=0x7f49f80d6100; pingpong=0; private_global=0; linkage=0; visibility=0; MemPort=[23]; IO mode=ap_memory:ce=0
Port [ e]:  wired=0; compound=1; hidden=1; nouse=1; global=1; static=0; extern=0; dir=2; type=1; mode=0x7f49f80d66d0; pingpong=0; private_global=0; linkage=0; visibility=0; MemPort=[23]; IO mode=ap_memory:ce=0
Port [ mell]:  wired=0; compound=1; hidden=1; nouse=1; global=1; static=1; extern=0; dir=0; type=1; mode=0x7f49f80d6ca0; pingpong=0; private_global=0; linkage=7; visibility=0; MemPort=[1]; IO mode=ap_memory:ce=0
Port [ dctMatrix]:  wired=0; compound=1; hidden=1; nouse=1; global=1; static=1; extern=0; dir=0; type=1; mode=0x7f49f80d7270; pingpong=0; private_global=0; linkage=7; visibility=0; MemPort=[1]; IO mode=ap_memory:ce=0
Port [ result]:  wired=0; compound=1; hidden=1; nouse=0; global=1; static=0; extern=0; dir=2; type=1; mode=0x7f49f80d7840; pingpong=0; private_global=1; linkage=0; visibility=0; MemPort=[23]; IO mode=ap_memory:ce=0
Port [ input_r]:  wired=0; compound=1; hidden=1; nouse=1; global=1; static=0; extern=0; dir=2; type=1; mode=0x7f49f80d7e10; pingpong=0; private_global=0; linkage=0; visibility=0; MemPort=[23]; IO mode=ap_memory:ce=0
Port [ hidden]:  wired=0; compound=1; hidden=1; nouse=1; global=1; static=0; extern=0; dir=2; type=1; mode=0x7f49f80d83e0; pingpong=0; private_global=0; linkage=0; visibility=0; MemPort=[23]; IO mode=ap_memory:ce=0
Port [ weightIH]:  wired=0; compound=1; hidden=1; nouse=1; global=1; static=0; extern=0; dir=0; type=1; mode=0x7f49f80d89b0; pingpong=0; private_global=0; linkage=0; visibility=0; MemPort=[1]; IO mode=ap_memory:ce=0
Port [ output_r]:  wired=0; compound=1; hidden=1; nouse=1; global=1; static=0; extern=0; dir=2; type=1; mode=0x7f49f80d8f80; pingpong=0; private_global=0; linkage=0; visibility=0; MemPort=[23]; IO mode=ap_memory:ce=0
Port [ weightHO]:  wired=0; compound=1; hidden=1; nouse=1; global=1; static=0; extern=0; dir=0; type=1; mode=0x7f49f80d9550; pingpong=0; private_global=0; linkage=0; visibility=0; MemPort=[1]; IO mode=ap_memory:ce=0
---------------- STG Properties END ------------------

---------------- Datapath Model BEGIN ----------------

<LifeTime>
<method=bitvector/>
outSound       (alloca           ) [ 001110]
stg_8          (specbitsmap      ) [ 000000]
stg_9          (specbitsmap      ) [ 000000]
stg_10         (spectopmodule    ) [ 000000]
stg_11         (specinterface    ) [ 000000]
stg_12         (specinterface    ) [ 000000]
stg_13         (specmemcore      ) [ 000000]
stg_14         (call             ) [ 000000]
stg_15         (br               ) [ 001110]
i              (phi              ) [ 000110]
index          (phi              ) [ 000110]
exitcond1      (icmp             ) [ 000110]
empty          (speclooptripcount) [ 000000]
index_1        (add              ) [ 001110]
stg_21         (br               ) [ 000000]
i_1            (add              ) [ 001110]
stg_25         (call             ) [ 000000]
stg_26         (br               ) [ 001110]
classification (call             ) [ 000000]
stg_28         (ret              ) [ 000000]
</LifeTime>

<model>

<comp_list>
<comp id="0" class="1000" name="voicerec_inSound">
<pin_list>
<pin id="1" dir="1" index="0" bw="1" slack="0"/>
</pin_list>
<bind>
<StgValue><ssdm name="voicerec_inSound"/></StgValue>
</bind>
</comp>

<comp id="2" class="1000" name="c">
<pin_list>
<pin id="3" dir="1" index="0" bw="1" slack="0"/>
</pin_list>
<bind>
<StgValue><ssdm name="c"/><MemPortTyVec>2 2 </MemPortTyVec>
</StgValue>
</bind>
</comp>

<comp id="4" class="1000" name="cosVec">
<pin_list>
<pin id="5" dir="1" index="0" bw="1" slack="0"/>
</pin_list>
<bind>
<StgValue><ssdm name="cosVec"/><MemPortTyVec>1 </MemPortTyVec>
</StgValue>
</bind>
</comp>

<comp id="6" class="1000" name="sinVec">
<pin_list>
<pin id="7" dir="1" index="0" bw="1" slack="0"/>
</pin_list>
<bind>
<StgValue><ssdm name="sinVec"/><MemPortTyVec>1 </MemPortTyVec>
</StgValue>
</bind>
</comp>

<comp id="8" class="1000" name="d">
<pin_list>
<pin id="9" dir="1" index="0" bw="1" slack="0"/>
</pin_list>
<bind>
<StgValue><ssdm name="d"/><MemPortTyVec>2 3 </MemPortTyVec>
</StgValue>
</bind>
</comp>

<comp id="10" class="1000" name="e">
<pin_list>
<pin id="11" dir="1" index="0" bw="1" slack="0"/>
</pin_list>
<bind>
<StgValue><ssdm name="e"/><MemPortTyVec>2 3 </MemPortTyVec>
</StgValue>
</bind>
</comp>

<comp id="12" class="1000" name="mell">
<pin_list>
<pin id="13" dir="1" index="0" bw="1" slack="0"/>
</pin_list>
<bind>
<StgValue><ssdm name="mell"/><MemPortTyVec>1 </MemPortTyVec>
</StgValue>
</bind>
</comp>

<comp id="14" class="1000" name="dctMatrix">
<pin_list>
<pin id="15" dir="1" index="0" bw="1" slack="0"/>
</pin_list>
<bind>
<StgValue><ssdm name="dctMatrix"/><MemPortTyVec>1 </MemPortTyVec>
</StgValue>
</bind>
</comp>

<comp id="16" class="1000" name="result">
<pin_list>
<pin id="17" dir="1" index="0" bw="1" slack="0"/>
</pin_list>
<bind>
<StgValue><ssdm name="result"/><MemPortTyVec>2 3 </MemPortTyVec>
</StgValue>
</bind>
</comp>

<comp id="18" class="1000" name="input_r">
<pin_list>
<pin id="19" dir="1" index="0" bw="1" slack="0"/>
</pin_list>
<bind>
<StgValue><ssdm name="input_r"/><MemPortTyVec>2 3 </MemPortTyVec>
</StgValue>
</bind>
</comp>

<comp id="20" class="1000" name="hidden">
<pin_list>
<pin id="21" dir="1" index="0" bw="1" slack="0"/>
</pin_list>
<bind>
<StgValue><ssdm name="hidden"/><MemPortTyVec>2 3 </MemPortTyVec>
</StgValue>
</bind>
</comp>

<comp id="22" class="1000" name="weightIH">
<pin_list>
<pin id="23" dir="1" index="0" bw="1" slack="0"/>
</pin_list>
<bind>
<StgValue><ssdm name="weightIH"/><MemPortTyVec>1 </MemPortTyVec>
</StgValue>
</bind>
</comp>

<comp id="24" class="1000" name="output_r">
<pin_list>
<pin id="25" dir="1" index="0" bw="1" slack="0"/>
</pin_list>
<bind>
<StgValue><ssdm name="output_r"/><MemPortTyVec>2 3 </MemPortTyVec>
</StgValue>
</bind>
</comp>

<comp id="26" class="1000" name="weightHO">
<pin_list>
<pin id="27" dir="1" index="0" bw="1" slack="0"/>
</pin_list>
<bind>
<StgValue><ssdm name="weightHO"/><MemPortTyVec>1 </MemPortTyVec>
</StgValue>
</bind>
</comp>

<comp id="28" class="1001" name="const_28">
<pin_list>
<pin id="29" dir="1" index="0" bw="1" slack="0"/>
</pin_list>
<bind>
<StgValue><ssdm name=""/></StgValue>
</bind>
</comp>

<comp id="30" class="1001" name="const_30">
<pin_list>
<pin id="31" dir="1" index="0" bw="1" slack="0"/>
</pin_list>
<bind>
<StgValue><ssdm name="voicerec_preprocessSound"/></StgValue>
</bind>
</comp>

<comp id="32" class="1001" name="const_32">
<pin_list>
<pin id="33" dir="1" index="0" bw="1" slack="2147483647"/>
</pin_list>
<bind>
<StgValue><ssdm name="_ssdm_op_SpecBitsMap"/></StgValue>
</bind>
</comp>

<comp id="34" class="1001" name="const_34">
<pin_list>
<pin id="35" dir="1" index="0" bw="1" slack="2147483647"/>
</pin_list>
<bind>
<StgValue><ssdm name=""/></StgValue>
</bind>
</comp>

<comp id="36" class="1001" name="const_36">
<pin_list>
<pin id="37" dir="1" index="0" bw="1" slack="2147483647"/>
</pin_list>
<bind>
<StgValue><ssdm name="_ssdm_op_SpecTopModule"/></StgValue>
</bind>
</comp>

<comp id="38" class="1001" name="const_38">
<pin_list>
<pin id="39" dir="1" index="0" bw="1" slack="2147483647"/>
</pin_list>
<bind>
<StgValue><ssdm name="voicerec_str"/></StgValue>
</bind>
</comp>

<comp id="40" class="1001" name="const_40">
<pin_list>
<pin id="41" dir="1" index="0" bw="1" slack="2147483647"/>
</pin_list>
<bind>
<StgValue><ssdm name="_ssdm_op_SpecInterface"/></StgValue>
</bind>
</comp>

<comp id="42" class="1001" name="const_42">
<pin_list>
<pin id="43" dir="1" index="0" bw="1" slack="2147483647"/>
</pin_list>
<bind>
<StgValue><ssdm name="p_str3"/></StgValue>
</bind>
</comp>

<comp id="44" class="1001" name="const_44">
<pin_list>
<pin id="45" dir="1" index="0" bw="1" slack="2147483647"/>
</pin_list>
<bind>
<StgValue><ssdm name="p_str14"/></StgValue>
</bind>
</comp>

<comp id="46" class="1001" name="const_46">
<pin_list>
<pin id="47" dir="1" index="0" bw="1" slack="2147483647"/>
</pin_list>
<bind>
<StgValue><ssdm name="p_str25"/></StgValue>
</bind>
</comp>

<comp id="48" class="1001" name="const_48">
<pin_list>
<pin id="49" dir="1" index="0" bw="1" slack="2147483647"/>
</pin_list>
<bind>
<StgValue><ssdm name="p_str36"/></StgValue>
</bind>
</comp>

<comp id="50" class="1001" name="const_50">
<pin_list>
<pin id="51" dir="1" index="0" bw="1" slack="2147483647"/>
</pin_list>
<bind>
<StgValue><ssdm name="p_str4"/></StgValue>
</bind>
</comp>

<comp id="52" class="1001" name="const_52">
<pin_list>
<pin id="53" dir="1" index="0" bw="1" slack="2147483647"/>
</pin_list>
<bind>
<StgValue><ssdm name="_ssdm_op_SpecMemCore"/></StgValue>
</bind>
</comp>

<comp id="54" class="1001" name="const_54">
<pin_list>
<pin id="55" dir="1" index="0" bw="1" slack="2147483647"/>
</pin_list>
<bind>
<StgValue><ssdm name="p_str5"/></StgValue>
</bind>
</comp>

<comp id="56" class="1001" name="const_56">
<pin_list>
<pin id="57" dir="1" index="0" bw="1" slack="2147483647"/>
</pin_list>
<bind>
<StgValue><ssdm name=""/></StgValue>
</bind>
</comp>

<comp id="58" class="1001" name="const_58">
<pin_list>
<pin id="59" dir="1" index="0" bw="1" slack="2147483647"/>
</pin_list>
<bind>
<StgValue><ssdm name="p_str6"/></StgValue>
</bind>
</comp>

<comp id="60" class="1001" name="const_60">
<pin_list>
<pin id="61" dir="1" index="0" bw="1" slack="1"/>
</pin_list>
<bind>
<StgValue><ssdm name=""/></StgValue>
</bind>
</comp>

<comp id="62" class="1001" name="const_62">
<pin_list>
<pin id="63" dir="1" index="0" bw="1" slack="1"/>
</pin_list>
<bind>
<StgValue><ssdm name=""/></StgValue>
</bind>
</comp>

<comp id="64" class="1001" name="const_64">
<pin_list>
<pin id="65" dir="1" index="0" bw="1" slack="0"/>
</pin_list>
<bind>
<StgValue><ssdm name=""/></StgValue>
</bind>
</comp>

<comp id="66" class="1001" name="const_66">
<pin_list>
<pin id="67" dir="1" index="0" bw="1" slack="2147483647"/>
</pin_list>
<bind>
<StgValue><ssdm name="_ssdm_op_SpecLoopTripCount"/></StgValue>
</bind>
</comp>

<comp id="68" class="1001" name="const_68">
<pin_list>
<pin id="69" dir="1" index="0" bw="1" slack="2147483647"/>
</pin_list>
<bind>
<StgValue><ssdm name=""/></StgValue>
</bind>
</comp>

<comp id="70" class="1001" name="const_70">
<pin_list>
<pin id="71" dir="1" index="0" bw="1" slack="0"/>
</pin_list>
<bind>
<StgValue><ssdm name=""/></StgValue>
</bind>
</comp>

<comp id="72" class="1001" name="const_72">
<pin_list>
<pin id="73" dir="1" index="0" bw="1" slack="0"/>
</pin_list>
<bind>
<StgValue><ssdm name="voicerec_processChunk"/></StgValue>
</bind>
</comp>

<comp id="74" class="1001" name="const_74">
<pin_list>
<pin id="75" dir="1" index="0" bw="1" slack="0"/>
</pin_list>
<bind>
<StgValue><ssdm name=""/></StgValue>
</bind>
</comp>

<comp id="76" class="1001" name="const_76">
<pin_list>
<pin id="77" dir="1" index="0" bw="1" slack="0"/>
</pin_list>
<bind>
<StgValue><ssdm name="voicerec_classifySound"/></StgValue>
</bind>
</comp>

<comp id="78" class="1004" name="outSound_alloca_fu_78">
<pin_list>
<pin id="79" dir="0" index="0" bw="1" slack="0"/>
<pin id="80" dir="1" index="1" bw="64" slack="0"/>
</pin_list>
<bind>
<opcode="alloca(26) " fcode="alloca"/>
<opset="outSound/1 "/>
</bind>
</comp>

<comp id="82" class="1005" name="i_reg_82">
<pin_list>
<pin id="83" dir="0" index="0" bw="13" slack="1"/>
<pin id="84" dir="1" index="1" bw="13" slack="1"/>
</pin_list>
<bind>
<opset="i (phireg) "/>
</bind>
</comp>

<comp id="86" class="1004" name="i_phi_fu_86">
<pin_list>
<pin id="87" dir="0" index="0" bw="1" slack="1"/>
<pin id="88" dir="0" index="1" bw="0" slack="2147483647"/>
<pin id="89" dir="0" index="2" bw="13" slack="0"/>
<pin id="90" dir="0" index="3" bw="0" slack="2147483647"/>
<pin id="91" dir="1" index="4" bw="13" slack="0"/>
</pin_list>
<bind>
<opcode="phi(47) " fcode="phi"/>
<opset="i/3 "/>
</bind>
</comp>

<comp id="94" class="1005" name="index_reg_94">
<pin_list>
<pin id="95" dir="0" index="0" bw="6" slack="1"/>
<pin id="96" dir="1" index="1" bw="6" slack="1"/>
</pin_list>
<bind>
<opset="index (phireg) "/>
</bind>
</comp>

<comp id="98" class="1004" name="index_phi_fu_98">
<pin_list>
<pin id="99" dir="0" index="0" bw="1" slack="1"/>
<pin id="100" dir="0" index="1" bw="0" slack="2147483647"/>
<pin id="101" dir="0" index="2" bw="6" slack="0"/>
<pin id="102" dir="0" index="3" bw="0" slack="2147483647"/>
<pin id="103" dir="1" index="4" bw="6" slack="0"/>
</pin_list>
<bind>
<opcode="phi(47) " fcode="phi"/>
<opset="index/3 "/>
</bind>
</comp>

<comp id="106" class="1004" name="grp_voicerec_processChunk_fu_106">
<pin_list>
<pin id="107" dir="0" index="0" bw="0" slack="0"/>
<pin id="108" dir="0" index="1" bw="13" slack="0"/>
<pin id="109" dir="0" index="2" bw="64" slack="0"/>
<pin id="110" dir="0" index="3" bw="6" slack="0"/>
<pin id="111" dir="0" index="4" bw="64" slack="2147483647"/>
<pin id="112" dir="0" index="5" bw="64" slack="0"/>
<pin id="113" dir="0" index="6" bw="64" slack="0"/>
<pin id="114" dir="0" index="7" bw="64" slack="0"/>
<pin id="115" dir="0" index="8" bw="64" slack="0"/>
<pin id="116" dir="0" index="9" bw="64" slack="0"/>
<pin id="117" dir="0" index="10" bw="8" slack="0"/>
<pin id="118" dir="0" index="11" bw="64" slack="0"/>
<pin id="119" dir="1" index="12" bw="0" slack="2147483647"/>
</pin_list>
<bind>
<opcode="call(48) " fcode="call"/>
<opset="stg_22/3 "/>
</bind>
</comp>

<comp id="131" class="1004" name="grp_voicerec_classifySound_fu_131">
<pin_list>
<pin id="132" dir="0" index="0" bw="32" slack="0"/>
<pin id="133" dir="0" index="1" bw="64" slack="0"/>
<pin id="134" dir="0" index="2" bw="32" slack="0"/>
<pin id="135" dir="0" index="3" bw="32" slack="0"/>
<pin id="136" dir="0" index="4" bw="32" slack="0"/>
<pin id="137" dir="0" index="5" bw="32" slack="0"/>
<pin id="138" dir="0" index="6" bw="32" slack="0"/>
<pin id="139" dir="1" index="7" bw="32" slack="2147483647"/>
</pin_list>
<bind>
<opcode="call(48) " fcode="call"/>
<opset="classification/3 "/>
</bind>
</comp>

<comp id="147" class="1004" name="grp_voicerec_preprocessSound_fu_147">
<pin_list>
<pin id="148" dir="0" index="0" bw="0" slack="0"/>
<pin id="149" dir="0" index="1" bw="64" slack="0"/>
<pin id="150" dir="0" index="2" bw="64" slack="0"/>
<pin id="151" dir="1" index="3" bw="0" slack="2147483647"/>
</pin_list>
<bind>
<opcode="call(48) " fcode="call"/>
<opset="stg_7/1 "/>
</bind>
</comp>

<comp id="155" class="1004" name="exitcond1_fu_155">
<pin_list>
<pin id="156" dir="0" index="0" bw="6" slack="0"/>
<pin id="157" dir="0" index="1" bw="3" slack="0"/>
<pin id="158" dir="1" index="2" bw="1" slack="2147483647"/>
</pin_list>
<bind>
<opcode="icmp(45) " fcode="icmp"/>
<opset="exitcond1/3 "/>
</bind>
</comp>

<comp id="161" class="1004" name="index_1_fu_161">
<pin_list>
<pin id="162" dir="0" index="0" bw="6" slack="0"/>
<pin id="163" dir="0" index="1" bw="1" slack="0"/>
<pin id="164" dir="1" index="2" bw="6" slack="0"/>
</pin_list>
<bind>
<opcode="add(8) " fcode="add"/>
<opset="index_1/3 "/>
</bind>
</comp>

<comp id="167" class="1004" name="i_1_fu_167">
<pin_list>
<pin id="168" dir="0" index="0" bw="13" slack="0"/>
<pin id="169" dir="0" index="1" bw="9" slack="0"/>
<pin id="170" dir="1" index="2" bw="13" slack="0"/>
</pin_list>
<bind>
<opcode="add(8) " fcode="add"/>
<opset="i_1/3 "/>
</bind>
</comp>

<comp id="176" class="1005" name="index_1_reg_176">
<pin_list>
<pin id="177" dir="0" index="0" bw="6" slack="0"/>
<pin id="178" dir="1" index="1" bw="6" slack="0"/>
</pin_list>
<bind>
<opset="index_1 "/>
</bind>
</comp>

<comp id="181" class="1005" name="i_1_reg_181">
<pin_list>
<pin id="182" dir="0" index="0" bw="13" slack="0"/>
<pin id="183" dir="1" index="1" bw="13" slack="0"/>
</pin_list>
<bind>
<opset="i_1 "/>
</bind>
</comp>

</comp_list>

<net_list>
<net id="81"><net_src comp="28" pin="0"/><net_sink comp="78" pin=0"/></net>

<net id="85"><net_src comp="60" pin="0"/><net_sink comp="82" pin=0"/></net>

<net id="92"><net_src comp="82" pin="1"/><net_sink comp="86" pin=0"/></net>

<net id="93"><net_src comp="86" pin="4"/><net_sink comp="82" pin=0"/></net>

<net id="97"><net_src comp="62" pin="0"/><net_sink comp="94" pin=0"/></net>

<net id="104"><net_src comp="94" pin="1"/><net_sink comp="98" pin=0"/></net>

<net id="105"><net_src comp="98" pin="4"/><net_sink comp="94" pin=0"/></net>

<net id="120"><net_src comp="72" pin="0"/><net_sink comp="106" pin=0"/></net>

<net id="121"><net_src comp="86" pin="4"/><net_sink comp="106" pin=1"/></net>

<net id="122"><net_src comp="16" pin="0"/><net_sink comp="106" pin=2"/></net>

<net id="123"><net_src comp="98" pin="4"/><net_sink comp="106" pin=3"/></net>

<net id="124"><net_src comp="2" pin="0"/><net_sink comp="106" pin=5"/></net>

<net id="125"><net_src comp="4" pin="0"/><net_sink comp="106" pin=6"/></net>

<net id="126"><net_src comp="6" pin="0"/><net_sink comp="106" pin=7"/></net>

<net id="127"><net_src comp="8" pin="0"/><net_sink comp="106" pin=8"/></net>

<net id="128"><net_src comp="10" pin="0"/><net_sink comp="106" pin=9"/></net>

<net id="129"><net_src comp="12" pin="0"/><net_sink comp="106" pin=10"/></net>

<net id="130"><net_src comp="14" pin="0"/><net_sink comp="106" pin=11"/></net>

<net id="140"><net_src comp="76" pin="0"/><net_sink comp="131" pin=0"/></net>

<net id="141"><net_src comp="16" pin="0"/><net_sink comp="131" pin=1"/></net>

<net id="142"><net_src comp="18" pin="0"/><net_sink comp="131" pin=2"/></net>

<net id="143"><net_src comp="20" pin="0"/><net_sink comp="131" pin=3"/></net>

<net id="144"><net_src comp="22" pin="0"/><net_sink comp="131" pin=4"/></net>

<net id="145"><net_src comp="24" pin="0"/><net_sink comp="131" pin=5"/></net>

<net id="146"><net_src comp="26" pin="0"/><net_sink comp="131" pin=6"/></net>

<net id="152"><net_src comp="30" pin="0"/><net_sink comp="147" pin=0"/></net>

<net id="153"><net_src comp="0" pin="0"/><net_sink comp="147" pin=1"/></net>

<net id="154"><net_src comp="78" pin="1"/><net_sink comp="147" pin=2"/></net>

<net id="159"><net_src comp="98" pin="4"/><net_sink comp="155" pin=0"/></net>

<net id="160"><net_src comp="64" pin="0"/><net_sink comp="155" pin=1"/></net>

<net id="165"><net_src comp="98" pin="4"/><net_sink comp="161" pin=0"/></net>

<net id="166"><net_src comp="70" pin="0"/><net_sink comp="161" pin=1"/></net>

<net id="171"><net_src comp="86" pin="4"/><net_sink comp="167" pin=0"/></net>

<net id="172"><net_src comp="74" pin="0"/><net_sink comp="167" pin=1"/></net>

<net id="179"><net_src comp="161" pin="2"/><net_sink comp="176" pin=0"/></net>

<net id="180"><net_src comp="176" pin="1"/><net_sink comp="98" pin=2"/></net>

<net id="184"><net_src comp="167" pin="2"/><net_sink comp="181" pin=0"/></net>

<net id="185"><net_src comp="181" pin="1"/><net_sink comp="86" pin=2"/></net>

</net_list>

</model> 
---------------- Datapath Model END ------------------

* FSMD analyzer results:
  - Output states:
	Port: voicerec_inSound | {1 2 }
  - Chain level:
	State 1
		stg_7 : 1
	State 2
	State 3
		exitcond1 : 1
		index_1 : 1
		stg_21 : 2
		stg_22 : 1
		i_1 : 1
	State 4
	State 5
		stg_28 : 1


============================================================
+ Verbose Summary: Datapath Resource usage 
============================================================

* Functional unit list:
|----------|-------------------------------------|---------|---------|---------|---------|---------|
| Operation|           Functional Unit           |   BRAM  |  DSP48E |  Delay  |    FF   |   LUT   |
|----------|-------------------------------------|---------|---------|---------|---------|---------|
|          |   grp_voicerec_processChunk_fu_106  |    0    |    80   |  74.842 |   8497  |  12696  |
|   call   |  grp_voicerec_classifySound_fu_131  |    2    |    34   |  28.278 |   7117  |   9743  |
|          | grp_voicerec_preprocessSound_fu_147 |    0    |    0    |  19.516 |   804   |   1260  |
|----------|-------------------------------------|---------|---------|---------|---------|---------|
|    add   |            index_1_fu_161           |    0    |    0    |    0    |    0    |    6    |
|          |              i_1_fu_167             |    0    |    0    |    0    |    0    |    13   |
|----------|-------------------------------------|---------|---------|---------|---------|---------|
|   icmp   |           exitcond1_fu_155          |    0    |    0    |    0    |    0    |    3    |
|----------|-------------------------------------|---------|---------|---------|---------|---------|
|   Total  |                                     |    2    |   114   | 122.636 |  16418  |  23721  |
|----------|-------------------------------------|---------|---------|---------|---------|---------|

Memories:
+---------+--------+--------+--------+
|         |  BRAM  |   FF   |   LUT  |
+---------+--------+--------+--------+
|    c    |    4   |    0   |    0   |
|  cosVec |    2   |    0   |    0   |
|    d    |    2   |    0   |    0   |
|dctMatrix|    4   |    0   |    0   |
|    e    |    2   |    0   |    0   |
|  hidden |    0   |   64   |   13   |
| input_r |    2   |    0   |    0   |
|   mell  |    0   |    8   |    4   |
| outSound|   32   |    0   |    0   |
| output_r|    0   |   64   |    2   |
|  result |    4   |    0   |    0   |
|  sinVec |    2   |    0   |    0   |
| weightHO|    1   |    0   |    0   |
| weightIH|   64   |    0   |    0   |
+---------+--------+--------+--------+
|  Total  |   119  |   136  |   19   |
+---------+--------+--------+--------+

* Register list:
+---------------+--------+
|               |   FF   |
+---------------+--------+
|  i_1_reg_181  |   13   |
|    i_reg_82   |   13   |
|index_1_reg_176|    6   |
|  index_reg_94 |    6   |
+---------------+--------+
|     Total     |   38   |
+---------------+--------+

* Multiplexer (MUX) list: 
|--------------|------|------|------|--------||---------||---------|
|     Comp     |  Pin | Size |  BW  | S x BW ||  Delay  ||   LUT   |
|--------------|------|------|------|--------||---------||---------|
|   i_reg_82   |  p0  |   2  |  13  |   26   ||    13   |
| index_reg_94 |  p0  |   2  |   6  |   12   ||    6    |
|--------------|------|------|------|--------||---------||---------|
|     Total    |      |      |      |   38   ||  3.142  ||    19   |
|--------------|------|------|------|--------||---------||---------|



* Summary:
+-----------+--------+--------+--------+--------+--------+
|           |  BRAM  | DSP48E |  Delay |   FF   |   LUT  |
+-----------+--------+--------+--------+--------+--------+
|  Function |    2   |   114  |   122  |  16418 |  23721 |
|   Memory  |   119  |    -   |    -   |   136  |   19   |
|Multiplexer|    -   |    -   |    3   |    -   |   19   |
|  Register |    -   |    -   |    -   |   38   |    -   |
+-----------+--------+--------+--------+--------+--------+
|   Total   |   121  |   114  |   125  |  16592 |  23759 |
+-----------+--------+--------+--------+--------+--------+
